<html>
<body>
<pre>
<h1>µVision Build Log</h1>
<h2>Tool Versions:</h2>
IDE-Version: ¦ÌVision V5.38.0.0
Copyright (C) 2022 ARM Ltd and ARM Germany GmbH. All rights reserved.
License Information: ÖÓ Ã÷, bua, LIC=RC93N-YW402-WFAI7-EGVBA-UYXSS-7SVYU
 
Tool Versions:
Toolchain:       MDK-ARM Plus  Version: 5.38.0.0
Toolchain Path:  E:\ProgramFile\MDK\core\ARM\ARMCC\Bin
C Compiler:      Armcc.exe V5.06 update 7 (build 960)
Assembler:       Armasm.exe V5.06 update 7 (build 960)
Linker/Locator:  ArmLink.exe V5.06 update 7 (build 960)
Library Manager: ArmAr.exe V5.06 update 7 (build 960)
Hex Converter:   FromElf.exe V5.06 update 7 (build 960)
CPU DLL:         SARMCM3.DLL V5.38.0.0
Dialog DLL:      DCM.DLL V1.17.5.0
Target DLL:      CMSIS_AGDI.dll V1.33.15.0
Dialog DLL:      TCM.DLL V1.56.4.0
 
<h2>Project:</h2>
E:\rm task\test_file\Hero_Board2_C _26£¨test£©n\MDK-ARM\DraftOfOmniWheel.uvprojx
Project File Date:  11/22/2025

<h2>Output:</h2>
*** Using Compiler 'V5.06 update 7 (build 960)', folder: 'E:\ProgramFile\MDK\core\ARM\ARMCC\Bin'
Build target 'DraftOfOmniWheel'
compiling freertos.c...
../Algorithm/Algorithm.h/pid.h(135): warning:  #1-D: last line of file ends without a newline
  #endif
../Devices/Devices.h/M6020_Motor.h(101): warning:  #1-D: last line of file ends without a newline
  #endif /* __M6020_MOTOR_H */
../APPs/APPs.h/Cloud_Control.h(70): warning:  #1-D: last line of file ends without a newline
  #endif /* __CLOUD_CONTROL_H */
../APPs/APPs.h/Cloud_Control.h(70): warning:  #1-D: last line of file ends without a newline
  #endif /* __CLOUD_CONTROL_H */
../Core/Src/freertos.c: 4 warnings, 0 errors
linking...
Program Size: Code=44384 RO-data=2116 RW-data=1276 ZI-data=39916  
FromELF: creating hex file...
"DraftOfOmniWheel\DraftOfOmniWheel.axf" - 0 Error(s), 4 Warning(s).

<h2>Software Packages used:</h2>

Package Vendor: ARM
                http://www.keil.com/pack/ARM.CMSIS.5.9.0.pack
                ARM.CMSIS.5.9.0
                CMSIS (Common Microcontroller Software Interface Standard)
   * Component: CORE Version: 5.6.0

Package Vendor: Keil
                https://www.keil.com/pack/Keil.STM32F4xx_DFP.2.17.1.pack
                Keil.STM32F4xx_DFP.2.17.1
                STMicroelectronics STM32F4 Series Device Support, Drivers and Examples

<h2>Collection of Component include folders:</h2>
  ./RTE/_DraftOfOmniWheel
  E:/ProgramFile/MDK/packs/ARM/CMSIS/5.9.0/CMSIS/Core/Include
  E:/ProgramFile/MDK/packs/Keil/STM32F4xx_DFP/2.17.1/Drivers/CMSIS/Device/ST/STM32F4xx/Include

<h2>Collection of Component Files used:</h2>

   * Component: ARM::CMSIS:CORE:5.6.0
Build Time Elapsed:  00:00:03
</pre>
</body>
</html>
