<html>
<body>
<pre>
<h1>µVision Build Log</h1>
<h2>Tool Versions:</h2>
IDE-Version: ¦ÌVision V5.43.1.0
Copyright (C) 2025 ARM Ltd and ARM Germany GmbH. All rights reserved.
License Information: ruohan yu, bh, LIC=YA39H-WNICA-74YS0-BQ8ZA-0DQAB-6CKE7
 
Tool Versions:
Toolchain:       MDK-ARM Plus  Version: 5.43.0.0
Toolchain Path:  G:\Software2\Keil_v5\ARM\ARM_Compiler_5.06u7\Bin
C Compiler:      Armcc.exe V5.06 update 7 (build 960)
Assembler:       Armasm.exe V5.06 update 7 (build 960)
Linker/Locator:  ArmLink.exe V5.06 update 7 (build 960)
Library Manager: ArmAr.exe V5.06 update 7 (build 960)
Hex Converter:   FromElf.exe V5.06 update 7 (build 960)
CPU DLL:         SARMCM3.DLL V5.43.0.0
Dialog DLL:      DCM.DLL V1.17.5.0
Target DLL:      STLink\ST-LINKIII-KEIL_SWO.dll V3.3.1.0
Dialog DLL:      TCM.DLL V1.56.6.0
 
<h2>Project:</h2>
D:\Files\desktop\document-important\TransistorÕ½¶Ó\µç¿Ø\Hero_Board2_C _26\MDK-ARM\DraftOfOmniWheel.uvprojx
Project File Date:  01/20/2026

<h2>Output:</h2>
*** Using Compiler 'V5.06 update 7 (build 960)', folder: 'G:\Software2\Keil_v5\ARM\ARM_Compiler_5.06u7\Bin'
Rebuild target 'DraftOfOmniWheel'
assembling startup_stm32f407xx.s...
compiling dma.c...
compiling gpio.c...
compiling stm32f4xx_it.c...
compiling rtc.c...
compiling spi.c...
compiling stm32f4xx_hal_msp.c...
compiling stm32f4xx_hal_timebase_tim.c...
compiling tim.c...
compiling can.c...
compiling FuzzyPID.c...
compiling usart.c...
compiling user_lib.c...
compiling FeedForward.c...
../Algorithm/Algorithm.h/PID.h(135): warning:  #1-D: last line of file ends without a newline
  #endif
../Devices/Devices.h/M6020_Motor.h(101): warning:  #1-D: last line of file ends without a newline
  #endif /* __M6020_MOTOR_H */
../APPs/APPs.h/Cloud_Control.h(70): warning:  #1-D: last line of file ends without a newline
  #endif /* __CLOUD_CONTROL_H */
..\Algorithm\Algorithm.c\FeedForward.c: 3 warnings, 0 errors
compiling freertos.c...
../Algorithm/Algorithm.h/pid.h(135): warning:  #1-D: last line of file ends without a newline
  #endif
../Devices/Devices.h/M6020_Motor.h(101): warning:  #1-D: last line of file ends without a newline
  #endif /* __M6020_MOTOR_H */
../APPs/APPs.h/Cloud_Control.h(70): warning:  #1-D: last line of file ends without a newline
  #endif /* __CLOUD_CONTROL_H */
../APPs/APPs.h/Cloud_Control.h(70): warning:  #1-D: last line of file ends without a newline
  #endif /* __CLOUD_CONTROL_H */
../Core/Src/freertos.c: 4 warnings, 0 errors
compiling main.c...
../Debug/TraceRecorder/include/trcRecorder.h(1857): warning:  #47-D: incompatible redefinition of macro "vTraceConsoleChannelPrintF"  (declared at line 84)
  #define vTraceConsoleChannelPrintF(fmt, ...) (void)(fmt)
../Core/Src/main.c: 1 warning, 0 errors
compiling bsp_led.c...
compiling kalman_filter.c...
compiling pid.c...
../Algorithm/Algorithm.h/PID.h(135): warning:  #1-D: last line of file ends without a newline
  #endif
..\Algorithm\Algorithm.c\pid.c: 1 warning, 0 errors
compiling bsp_delay.c...
compiling BSP_Can.c...
compiling N100.c...
../Algorithm/Algorithm.h/pid.h(135): warning:  #1-D: last line of file ends without a newline
  #endif
../Devices/Devices.h/M6020_Motor.h(101): warning:  #1-D: last line of file ends without a newline
  #endif /* __M6020_MOTOR_H */
..\Devices\Devices.c\N100.c(82): warning:  #1035-D: single-precision operand implicitly converted to double-precision
          Saber_Angle.RoLL = N100_Angle.Roll*57.3*0;
..\Devices\Devices.c\N100.c(83): warning:  #1035-D: single-precision operand implicitly converted to double-precision
          Saber_Angle.Pitch = N100_Angle.Pitch*57.3*0;
..\Devices\Devices.c\N100.c(88): warning:  #1035-D: single-precision operand implicitly converted to double-precision
          Saber_Angle.X_Vel = N100_Angle.RollSpeed*57.3*0;
..\Devices\Devices.c\N100.c(89): warning:  #1035-D: single-precision operand implicitly converted to double-precision
          Saber_Angle.Y_Vel = N100_Angle.PitchSpeed*57.3*0;
..\Devices\Devices.c\N100.c(90): warning:  #1035-D: single-precision operand implicitly converted to double-precision
          Saber_Angle.Z_Vel = N100_Angle.YawSpeed*57.3*0; // åèˆªè§’é€Ÿåº¦ï¼Œç”¨äºŽå‰é¦?
..\Devices\Devices.c\N100.c: 7 warnings, 0 errors
compiling UI.c...
compiling BSP_Usart.c...
../Algorithm/Algorithm.h/PID.h(135): warning:  #1-D: last line of file ends without a newline
  #endif
../Devices/Devices.h/M6020_Motor.h(101): warning:  #1-D: last line of file ends without a newline
  #endif /* __M6020_MOTOR_H */
../APPs/APPs.h/Cloud_Control.h(70): warning:  #1-D: last line of file ends without a newline
  #endif /* __CLOUD_CONTROL_H */
..\BSP\BSP.c\BSP_Usart.c(41): warning:  #177-D: variable "Saber_Montage_Flag"  was declared but never referenced
  	static uint8_t Saber_Montage_Flag = 0;            //ï¿½ï¿½Ê¾ï¿½ï¿½ï¿½ï¿½ï¿½ï¿½ï¿½ï¿½ï¿½Ýµï¿½Æ´ï¿½ï¿½ï¿½ï¿½ï¿?
..\BSP\BSP.c\BSP_Usart.c: 4 warnings, 0 errors
compiling Gimbal_Chassis_Pitch_Angle.c...
../Algorithm/Algorithm.h/pid.h(135): warning:  #1-D: last line of file ends without a newline
  #endif
../Devices/Devices.h/M6020_Motor.h(101): warning:  #1-D: last line of file ends without a newline
  #endif /* __M6020_MOTOR_H */
../APPs/APPs.h/Cloud_Control.h(70): warning:  #1-D: last line of file ends without a newline
  #endif /* __CLOUD_CONTROL_H */
..\Algorithm\Algorithm.c\Gimbal_Chassis_Pitch_Angle.c: 3 warnings, 0 errors
compiling Protocol_Judgement.c...
../Algorithm/Algorithm.h/PID.h(135): warning:  #1-D: last line of file ends without a newline
  #endif
../Devices/Devices.h/M6020_Motor.h(101): warning:  #1-D: last line of file ends without a newline
  #endif /* __M6020_MOTOR_H */
../APPs/APPs.h/Cloud_Control.h(70): warning:  #1-D: last line of file ends without a newline
  #endif /* __CLOUD_CONTROL_H */
..\Protocol\Protocol.c\Protocol_Judgement.c: 3 warnings, 0 errors
compiling BSP_BoardCommunication.c...
../Algorithm/Algorithm.h/PID.h(135): warning:  #1-D: last line of file ends without a newline
  #endif
../Devices/Devices.h/M6020_Motor.h(101): warning:  #1-D: last line of file ends without a newline
  #endif /* __M6020_MOTOR_H */
../APPs/APPs.h/Cloud_Control.h(70): warning:  #1-D: last line of file ends without a newline
  #endif /* __CLOUD_CONTROL_H */
..\Protocol\Protocol.c\BSP_BoardCommunication.c(29): warning:  #177-D: variable "IT_keycommand"  was declared but never referenced
  	uint8_t IT_keycommand[8]={0};
..\Protocol\Protocol.c\BSP_BoardCommunication.c: 4 warnings, 0 errors
compiling Saber_C3.c...
../Algorithm/Algorithm.h/pid.h(135): warning:  #1-D: last line of file ends without a newline
  #endif
../Devices/Devices.h/M6020_Motor.h(101): warning:  #1-D: last line of file ends without a newline
  #endif /* __M6020_MOTOR_H */
..\Devices\Devices.c\Saber_C3.c: 2 warnings, 0 errors
compiling BSP_Test.c...
../Algorithm/Algorithm.h/PID.h(135): warning:  #1-D: last line of file ends without a newline
  #endif
../Devices/Devices.h/M6020_Motor.h(101): warning:  #1-D: last line of file ends without a newline
  #endif /* __M6020_MOTOR_H */
../APPs/APPs.h/Cloud_Control.h(70): warning:  #1-D: last line of file ends without a newline
  #endif /* __CLOUD_CONTROL_H */
..\BSP\BSP.c\BSP_Test.c: 3 warnings, 0 errors
compiling Time_Stamp.c...
compiling M6020_Motor.c...
../Algorithm/Algorithm.h/pid.h(135): warning:  #1-D: last line of file ends without a newline
  #endif
../Devices/Devices.h/M6020_Motor.h(101): warning:  #1-D: last line of file ends without a newline
  #endif /* __M6020_MOTOR_H */
..\Devices\Devices.c\M6020_Motor.c(121): warning:  #1-D: last line of file ends without a newline
  }
..\Devices\Devices.c\M6020_Motor.c: 3 warnings, 0 errors
compiling DT7.c...
../Algorithm/Algorithm.h/PID.h(135): warning:  #1-D: last line of file ends without a newline
  #endif
../Devices/Devices.h/M6020_Motor.h(101): warning:  #1-D: last line of file ends without a newline
  #endif /* __M6020_MOTOR_H */
../APPs/APPs.h/Cloud_Control.h(70): warning:  #1-D: last line of file ends without a newline
  #endif /* __CLOUD_CONTROL_H */
..\Devices\Devices.c\DT7.c: 3 warnings, 0 errors
compiling MA600_use.c...
compiling MA600_base.c...
..\Devices\Devices.c\MA600_base.c(101): warning:  #177-D: function "MA600_Delay_ms"  was declared but never referenced
  static void MA600_Delay_ms(uint16_t ms)
..\Devices\Devices.c\MA600_base.c: 1 warning, 0 errors
compiling steer_chassis.c...
../Algorithm/Algorithm.h/PID.h(135): warning:  #1-D: last line of file ends without a newline
  #endif
../Devices/Devices.h/M6020_Motor.h(101): warning:  #1-D: last line of file ends without a newline
  #endif /* __M6020_MOTOR_H */
../APPs/APPs.h/Cloud_Control.h(70): warning:  #1-D: last line of file ends without a newline
  #endif /* __CLOUD_CONTROL_H */
..\APPs\APPs.c\steer_chassis.c(85): warning:  #1035-D: single-precision operand implicitly converted to double-precision
      wheel_rpm_ratio = 60.0f  / WHEEL_PERIMETER * M3508_RATIO*1.5 ;
..\APPs\APPs.c\steer_chassis.c: 4 warnings, 0 errors
compiling M2006_Motor.c...
../Algorithm/Algorithm.h/PID.h(135): warning:  #1-D: last line of file ends without a newline
  #endif
..\Devices\Devices.c\M2006_Motor.c: 1 warning, 0 errors
compiling PowerControl.c...
compiling Task_CanSend.c...
../Algorithm/Algorithm.h/PID.h(135): warning:  #1-D: last line of file ends without a newline
  #endif
../Devices/Devices.h/M6020_Motor.h(101): warning:  #1-D: last line of file ends without a newline
  #endif /* __M6020_MOTOR_H */
..\Tasks\Tasks.c\Task_CanSend.c: 2 warnings, 0 errors
compiling Cloud_Control.c...
../Algorithm/Algorithm.h/PID.h(135): warning:  #1-D: last line of file ends without a newline
  #endif
../Devices/Devices.h/M6020_Motor.h(101): warning:  #1-D: last line of file ends without a newline
  #endif /* __M6020_MOTOR_H */
../APPs/APPs.h/Cloud_Control.h(70): warning:  #1-D: last line of file ends without a newline
  #endif /* __CLOUD_CONTROL_H */
../APPs/APPs.h/Cloud_Control.h(70): warning:  #1-D: last line of file ends without a newline
  #endif /* __CLOUD_CONTROL_H */
..\APPs\APPs.c\Cloud_Control.c(196): warning:  #1-D: last line of file ends without a newline
  }
..\APPs\APPs.c\Cloud_Control.c: 5 warnings, 0 errors
compiling J4310_Motor.c...
../Algorithm/Algorithm.h/PID.h(135): warning:  #1-D: last line of file ends without a newline
  #endif
..\Devices\Devices.c\J4310_Motor.c(64): warning:  #1035-D: single-precision operand implicitly converted to double-precision
    float Postion = uq1 / 8192 * 2 * Pi;
..\Devices\Devices.c\J4310_Motor.c(131): warning:  #550-D: variable "Can_Send_Data"  was set but never used
    Can_Send_Data_t Can_Send_Data;
..\Devices\Devices.c\J4310_Motor.c(179): warning:  #1035-D: single-precision operand implicitly converted to double-precision
    J4310_Array[StdId]->realAngle = J4310_Array[StdId]->realAngle / 2 * 3.1415927 * 36.f;
..\Devices\Devices.c\J4310_Motor.c: 4 warnings, 0 errors
compiling Task_CanReceive.c...
../Algorithm/Algorithm.h/PID.h(135): warning:  #1-D: last line of file ends without a newline
  #endif
../Devices/Devices.h/M6020_Motor.h(101): warning:  #1-D: last line of file ends without a newline
  #endif /* __M6020_MOTOR_H */
../APPs/APPs.h/Cloud_Control.h(70): warning:  #1-D: last line of file ends without a newline
  #endif /* __CLOUD_CONTROL_H */
..\Tasks\Tasks.c\Task_CanReceive.c: 3 warnings, 0 errors
compiling M3508_Motor.c...
../Algorithm/Algorithm.h/PID.h(135): warning:  #1-D: last line of file ends without a newline
  #endif
../Devices/Devices.h/M6020_Motor.h(101): warning:  #1-D: last line of file ends without a newline
  #endif /* __M6020_MOTOR_H */
../APPs/APPs.h/Cloud_Control.h(70): warning:  #1-D: last line of file ends without a newline
  #endif /* __CLOUD_CONTROL_H */
..\Devices\Devices.c\M3508_Motor.c: 3 warnings, 0 errors
compiling system_stm32f4xx.c...
compiling stm32f4xx_hal_rcc_ex.c...
compiling stm32f4xx_hal_tim_ex.c...
compiling stm32f4xx_hal_can.c...
compiling stm32f4xx_hal_rcc.c...
compiling Task_LED.c...
../Algorithm/Algorithm.h/PID.h(135): warning:  #1-D: last line of file ends without a newline
  #endif
../Devices/Devices.h/M6020_Motor.h(101): warning:  #1-D: last line of file ends without a newline
  #endif /* __M6020_MOTOR_H */
..\Tasks\Tasks.c\Task_LED.c: 2 warnings, 0 errors
compiling stm32f4xx_hal_tim.c...
compiling Task_Vofa.c...
../Algorithm/Algorithm.h/pid.h(135): warning:  #1-D: last line of file ends without a newline
  #endif
../Devices/Devices.h/M6020_Motor.h(101): warning:  #1-D: last line of file ends without a newline
  #endif /* __M6020_MOTOR_H */
..\Tasks\Tasks.c\Task_Vofa.c(29): warning:  #1-D: last line of file ends without a newline
   }
..\Tasks\Tasks.c\Task_Vofa.c: 3 warnings, 0 errors
compiling Task_SPI2Receive.c...
../Algorithm/Algorithm.h/pid.h(135): warning:  #1-D: last line of file ends without a newline
  #endif
../Devices/Devices.h/M6020_Motor.h(101): warning:  #1-D: last line of file ends without a newline
  #endif /* __M6020_MOTOR_H */
..\Tasks\Tasks.c\Task_SPI2Receive.c(34): warning:  #1-D: last line of file ends without a newline
   
..\Tasks\Tasks.c\Task_SPI2Receive.c: 3 warnings, 0 errors
compiling Task_UsartSend.c...
../Algorithm/Algorithm.h/PID.h(135): warning:  #1-D: last line of file ends without a newline
  #endif
../Devices/Devices.h/M6020_Motor.h(101): warning:  #1-D: last line of file ends without a newline
  #endif /* __M6020_MOTOR_H */
../APPs/APPs.h/Cloud_Control.h(70): warning:  #1-D: last line of file ends without a newline
  #endif /* __CLOUD_CONTROL_H */
..\Tasks\Tasks.c\Task_UsartSend.c: 3 warnings, 0 errors
compiling Task_RobotControl.c...
../Algorithm/Algorithm.h/PID.h(135): warning:  #1-D: last line of file ends without a newline
  #endif
../Devices/Devices.h/M6020_Motor.h(101): warning:  #1-D: last line of file ends without a newline
  #endif /* __M6020_MOTOR_H */
../APPs/APPs.h/Cloud_Control.h(70): warning:  #1-D: last line of file ends without a newline
  #endif /* __CLOUD_CONTROL_H */
..\Tasks\Tasks.c\Task_RobotControl.c: 3 warnings, 0 errors
compiling Task_RobotUI.c...
../Algorithm/Algorithm.h/PID.h(135): warning:  #1-D: last line of file ends without a newline
  #endif
../Devices/Devices.h/M6020_Motor.h(101): warning:  #1-D: last line of file ends without a newline
  #endif /* __M6020_MOTOR_H */
../APPs/APPs.h/Cloud_Control.h(70): warning:  #1-D: last line of file ends without a newline
  #endif /* __CLOUD_CONTROL_H */
..\Tasks\Tasks.c\Task_RobotUI.c: 3 warnings, 0 errors
compiling Task_OffLineCheck.c...
../Algorithm/Algorithm.h/PID.h(135): warning:  #1-D: last line of file ends without a newline
  #endif
../Devices/Devices.h/M6020_Motor.h(101): warning:  #1-D: last line of file ends without a newline
  #endif /* __M6020_MOTOR_H */
../APPs/APPs.h/Cloud_Control.h(70): warning:  #1-D: last line of file ends without a newline
  #endif /* __CLOUD_CONTROL_H */
../APPs/APPs.h/Cloud_Control.h(70): warning:  #1-D: last line of file ends without a newline
  #endif /* __CLOUD_CONTROL_H */
..\Tasks\Tasks.c\Task_OffLineCheck.c: 4 warnings, 0 errors
compiling stm32f4xx_hal_flash.c...
compiling stm32f4xx_hal_flash_ex.c...
compiling stm32f4xx_hal_flash_ramfunc.c...
compiling stm32f4xx_hal_dma_ex.c...
compiling stm32f4xx_hal_pwr_ex.c...
compiling stm32f4xx_hal_gpio.c...
compiling croutine.c...
compiling stm32f4xx_hal_pwr.c...
compiling stm32f4xx_hal_exti.c...
compiling stm32f4xx_hal_dma.c...
compiling event_groups.c...
compiling list.c...
compiling stm32f4xx_hal_rtc.c...
compiling stm32f4xx_hal_rtc_ex.c...
compiling stm32f4xx_hal.c...
compiling queue.c...
compiling stream_buffer.c...
compiling stm32f4xx_hal_cortex.c...
compiling timers.c...
compiling tasks.c...
compiling heap_4.c...
compiling port.c...
compiling cmsis_os.c...
compiling stm32f4xx_hal_spi.c...
compiling stm32f4xx_hal_uart.c...
compiling sys.c...
compiling vofa.c...
linking...
Program Size: Code=44476 RO-data=2064 RW-data=1240 ZI-data=39888  
FromELF: creating hex file...
"DraftOfOmniWheel\DraftOfOmniWheel.axf" - 0 Error(s), 85 Warning(s).

<h2>Software Packages used:</h2>

Package Vendor: ARM
                https://www.keil.com/pack/ARM.CMSIS.6.2.0.pack
                ARM::CMSIS@6.2.0
                CMSIS (Common Microcontroller Software Interface Standard)
   * Component: CORE Version: 6.1.1

Package Vendor: Keil
                https://www.keil.com/pack/Keil.STM32F4xx_DFP.3.1.1.pack
                Keil::STM32F4xx_DFP@3.1.1
                STMicroelectronics STM32F4 Series Device Support

<h2>Collection of Component include folders:</h2>
  ./RTE/_DraftOfOmniWheel
  G:/Software2/Arm/Packs/ARM/CMSIS/6.2.0/CMSIS/Core/Include

<h2>Collection of Component Files used:</h2>

   * Component: ARM::CMSIS:CORE@6.1.1
Build Time Elapsed:  00:00:27
</pre>
</body>
</html>
