Component: ARM Compiler 5.06 update 7 (build 960) Tool: armlink [4d3601]

==============================================================================

Section Cross References

    startup_stm32f407xx.o(STACK) refers (Special) to heapauxi.o(.text) for __use_two_region_memory
    startup_stm32f407xx.o(HEAP) refers (Special) to heapauxi.o(.text) for __use_two_region_memory
    startup_stm32f407xx.o(RESET) refers (Special) to heapauxi.o(.text) for __use_two_region_memory
    startup_stm32f407xx.o(RESET) refers to startup_stm32f407xx.o(STACK) for __initial_sp
    startup_stm32f407xx.o(RESET) refers to startup_stm32f407xx.o(.text) for Reset_Handler
    startup_stm32f407xx.o(RESET) refers to stm32f4xx_it.o(i.NMI_Handler) for NMI_Handler
    startup_stm32f407xx.o(RESET) refers to stm32f4xx_it.o(i.HardFault_Handler) for HardFault_Handler
    startup_stm32f407xx.o(RESET) refers to stm32f4xx_it.o(i.MemManage_Handler) for MemManage_Handler
    startup_stm32f407xx.o(RESET) refers to stm32f4xx_it.o(i.BusFault_Handler) for BusFault_Handler
    startup_stm32f407xx.o(RESET) refers to stm32f4xx_it.o(i.UsageFault_Handler) for UsageFault_Handler
    startup_stm32f407xx.o(RESET) refers to port.o(.emb_text) for SVC_Handler
    startup_stm32f407xx.o(RESET) refers to stm32f4xx_it.o(i.DebugMon_Handler) for DebugMon_Handler
    startup_stm32f407xx.o(RESET) refers to port.o(i.SysTick_Handler) for SysTick_Handler
    startup_stm32f407xx.o(RESET) refers to stm32f4xx_it.o(i.EXTI0_IRQHandler) for EXTI0_IRQHandler
    startup_stm32f407xx.o(RESET) refers to stm32f4xx_it.o(i.DMA1_Stream1_IRQHandler) for DMA1_Stream1_IRQHandler
    startup_stm32f407xx.o(RESET) refers to stm32f4xx_it.o(i.CAN1_TX_IRQHandler) for CAN1_TX_IRQHandler
    startup_stm32f407xx.o(RESET) refers to stm32f4xx_it.o(i.CAN1_RX0_IRQHandler) for CAN1_RX0_IRQHandler
    startup_stm32f407xx.o(RESET) refers to stm32f4xx_it.o(i.TIM1_UP_TIM10_IRQHandler) for TIM1_UP_TIM10_IRQHandler
    startup_stm32f407xx.o(RESET) refers to stm32f4xx_it.o(i.USART1_IRQHandler) for USART1_IRQHandler
    startup_stm32f407xx.o(RESET) refers to stm32f4xx_it.o(i.DMA2_Stream1_IRQHandler) for DMA2_Stream1_IRQHandler
    startup_stm32f407xx.o(RESET) refers to stm32f4xx_it.o(i.CAN2_TX_IRQHandler) for CAN2_TX_IRQHandler
    startup_stm32f407xx.o(RESET) refers to stm32f4xx_it.o(i.CAN2_RX0_IRQHandler) for CAN2_RX0_IRQHandler
    startup_stm32f407xx.o(RESET) refers to stm32f4xx_it.o(i.DMA2_Stream5_IRQHandler) for DMA2_Stream5_IRQHandler
    startup_stm32f407xx.o(RESET) refers to stm32f4xx_it.o(i.DMA2_Stream6_IRQHandler) for DMA2_Stream6_IRQHandler
    startup_stm32f407xx.o(RESET) refers to stm32f4xx_it.o(i.DMA2_Stream7_IRQHandler) for DMA2_Stream7_IRQHandler
    startup_stm32f407xx.o(RESET) refers to stm32f4xx_it.o(i.USART6_IRQHandler) for USART6_IRQHandler
    startup_stm32f407xx.o(.text) refers (Special) to heapauxi.o(.text) for __use_two_region_memory
    startup_stm32f407xx.o(.text) refers to system_stm32f4xx.o(i.SystemInit) for SystemInit
    startup_stm32f407xx.o(.text) refers to __main.o(!!!main) for __main
    startup_stm32f407xx.o(.text) refers to startup_stm32f407xx.o(HEAP) for Heap_Mem
    startup_stm32f407xx.o(.text) refers to startup_stm32f407xx.o(STACK) for Stack_Mem
    main.o(i.HAL_TIM_PeriodElapsedCallback) refers to stm32f4xx_hal.o(i.HAL_IncTick) for HAL_IncTick
    main.o(i.SystemClock_Config) refers to rt_memclr_w.o(.text) for __aeabi_memclr4
    main.o(i.SystemClock_Config) refers to stm32f4xx_hal_rcc.o(i.HAL_RCC_OscConfig) for HAL_RCC_OscConfig
    main.o(i.SystemClock_Config) refers to main.o(i.Error_Handler) for Error_Handler
    main.o(i.SystemClock_Config) refers to stm32f4xx_hal_rcc.o(i.HAL_RCC_ClockConfig) for HAL_RCC_ClockConfig
    main.o(i.main) refers to stm32f4xx_hal.o(i.HAL_Init) for HAL_Init
    main.o(i.main) refers to main.o(i.SystemClock_Config) for SystemClock_Config
    main.o(i.main) refers to gpio.o(i.MX_GPIO_Init) for MX_GPIO_Init
    main.o(i.main) refers to dma.o(i.MX_DMA_Init) for MX_DMA_Init
    main.o(i.main) refers to can.o(i.MX_CAN1_Init) for MX_CAN1_Init
    main.o(i.main) refers to usart.o(i.MX_USART1_UART_Init) for MX_USART1_UART_Init
    main.o(i.main) refers to tim.o(i.MX_TIM5_Init) for MX_TIM5_Init
    main.o(i.main) refers to can.o(i.MX_CAN2_Init) for MX_CAN2_Init
    main.o(i.main) refers to usart.o(i.MX_USART3_UART_Init) for MX_USART3_UART_Init
    main.o(i.main) refers to usart.o(i.MX_USART6_UART_Init) for MX_USART6_UART_Init
    main.o(i.main) refers to rtc.o(i.MX_RTC_Init) for MX_RTC_Init
    main.o(i.main) refers to spi.o(i.MX_SPI2_Init) for MX_SPI2_Init
    main.o(i.main) refers to tim.o(i.MX_TIM6_Init) for MX_TIM6_Init
    main.o(i.main) refers to bsp_delay.o(i.delay_init) for delay_init
    main.o(i.main) refers to stm32f4xx_hal.o(i.HAL_Delay) for HAL_Delay
    main.o(i.main) refers to freertos.o(i.MX_FREERTOS_Init) for MX_FREERTOS_Init
[...]
    Rectangle_Draw                           0x08004f87   Thumb Code   124  ui.o(i.Rectangle_Draw)
    Robot_Control                            0x08005005   Thumb Code    44  task_robotcontrol.o(i.Robot_Control)
    Robot_UI                                 0x0800503d   Thumb Code   174  task_robotui.o(i.Robot_UI)
    SPI2Receives                             0x080050f5   Thumb Code    22  task_spi2receive.o(i.SPI2Receives)
    SysTick_Handler                          0x08005245   Thumb Code    38  port.o(i.SysTick_Handler)
    SystemClock_Config                       0x08005271   Thumb Code   146  main.o(i.SystemClock_Config)
    SystemInit                               0x0800530d   Thumb Code    12  system_stm32f4xx.o(i.SystemInit)
    TIM1_UP_TIM10_IRQHandler                 0x0800531d   Thumb Code     6  stm32f4xx_it.o(i.TIM1_UP_TIM10_IRQHandler)
    TIM_Base_SetConfig                       0x08005329   Thumb Code   174  stm32f4xx_hal_tim.o(i.TIM_Base_SetConfig)
    TIM_CCxChannelCmd                        0x08005405   Thumb Code    26  stm32f4xx_hal_tim.o(i.TIM_CCxChannelCmd)
    TIM_ETR_SetConfig                        0x0800541f   Thumb Code    20  stm32f4xx_hal_tim.o(i.TIM_ETR_SetConfig)
    TIM_OC2_SetConfig                        0x080054ad   Thumb Code   106  stm32f4xx_hal_tim.o(i.TIM_OC2_SetConfig)
    UART_Start_Receive_DMA                   0x080059d5   Thumb Code   134  stm32f4xx_hal_uart.o(i.UART_Start_Receive_DMA)
    UI_Draw_Dynamic_1                        0x08005ac9   Thumb Code   664  task_robotui.o(i.UI_Draw_Dynamic_1)
    UI_Draw_Dynamic_2                        0x08005dcd   Thumb Code   126  task_robotui.o(i.UI_Draw_Dynamic_2)
    UI_Draw_Dynamic_Init_1                   0x08005e61   Thumb Code   404  task_robotui.o(i.UI_Draw_Dynamic_Init_1)
    UI_Draw_Static_1                         0x0800603d   Thumb Code   212  task_robotui.o(i.UI_Draw_Static_1)
    UI_Draw_Static_2                         0x0800612d   Thumb Code   212  task_robotui.o(i.UI_Draw_Static_2)
    UI_Draw_Static_3                         0x0800621d   Thumb Code    54  task_robotui.o(i.UI_Draw_Static_3)
    UI_PushUp_Delete                         0x08006261   Thumb Code    92  ui.o(i.UI_PushUp_Delete)
    UI_PushUp_Graphs                         0x080062c5   Thumb Code   272  ui.o(i.UI_PushUp_Graphs)
    UI_PushUp_String                         0x080063dd   Thumb Code    90  ui.o(i.UI_PushUp_String)
    UI_init                                  0x08006441   Thumb Code    82  ui.o(i.UI_init)
    USART1_IRQHandler                        0x0800649d   Thumb Code     6  stm32f4xx_it.o(i.USART1_IRQHandler)
    USART6_IRQHandler                        0x080064a9   Thumb Code     6  stm32f4xx_it.o(i.USART6_IRQHandler)
    UsageFault_Handler                       0x080064b5   Thumb Code     2  stm32f4xx_it.o(i.UsageFault_Handler)
    Verify_CRC16_Check_Sum                   0x080064b9   Thumb Code    60  protocol_judgement.o(i.Verify_CRC16_Check_Sum)
    Verify_CRC8_Check_Sum                    0x080064f9   Thumb Code    48  protocol_judgement.o(i.Verify_CRC8_Check_Sum)
    __ARM_fpclassify                         0x0800652d   Thumb Code    48  fpclassify.o(i.__ARM_fpclassify)
    __hardfp_cos                             0x08006581   Thumb Code   180  cos.o(i.__hardfp_cos)
    __hardfp_fabs                            0x08006649   Thumb Code    20  fabs.o(i.__hardfp_fabs)
    __hardfp_pow                             0x08006661   Thumb Code  3072  pow.o(i.__hardfp_pow)
    __hardfp_sin                             0x080072b1   Thumb Code   180  sin.o(i.__hardfp_sin)
    __ieee754_rem_pio2                       0x08007379   Thumb Code   938  rred.o(i.__ieee754_rem_pio2)
    __kernel_cos                             0x080077b1   Thumb Code   322  cos_i.o(i.__kernel_cos)
    __kernel_poly                            0x08007921   Thumb Code   248  poly.o(i.__kernel_poly)
    __kernel_sin                             0x08007a19   Thumb Code   280  sin_i.o(i.__kernel_sin)
    __mathlib_dbl_divzero                    0x08007b49   Thumb Code    28  dunder.o(i.__mathlib_dbl_divzero)
    __mathlib_dbl_infnan                     0x08007b79   Thumb Code    20  dunder.o(i.__mathlib_dbl_infnan)
    __mathlib_dbl_infnan2                    0x08007b8d   Thumb Code    20  dunder.o(i.__mathlib_dbl_infnan2)
    __mathlib_dbl_invalid                    0x08007ba1   Thumb Code    24  dunder.o(i.__mathlib_dbl_invalid)
    __mathlib_dbl_overflow                   0x08007bc1   Thumb Code    24  dunder.o(i.__mathlib_dbl_overflow)
    __mathlib_dbl_underflow                  0x08007be1   Thumb Code    24  dunder.o(i.__mathlib_dbl_underflow)
    aRGB_led_show                            0x08007c01   Thumb Code    52  bsp_led.o(i.aRGB_led_show)
    chassis_follow_mode                      0x08007cc5   Thumb Code    92  steer_chassis.o(i.chassis_follow_mode)
    chassis_init                             0x08007d35   Thumb Code   308  steer_chassis.o(i.chassis_init)
    chassis_target_calc                      0x08007ea1   Thumb Code    54  steer_chassis.o(i.chassis_target_calc)
    delay_init                               0x08007ee5   Thumb Code    26  bsp_delay.o(i.delay_init)
    fabs                                     0x08007f0d   Thumb Code    24  fabs.o(i.fabs)
    led_RGB_flow_task                        0x08007f25   Thumb Code   264  task_led.o(i.led_RGB_flow_task)
    main                                     0x08008035   Thumb Code    74  main.o(i.main)
    motor_velocity_change                    0x0800808d   Thumb Code  1224  m3508_motor.o(i.motor_velocity_change)
    move_motor_speed_set                     0x08008555   Thumb Code   116  steer_chassis.o(i.move_motor_speed_set)
    osDelay                                  0x080085d5   Thumb Code    16  cmsis_os.o(i.osDelay)
    osKernelStart                            0x080085e5   Thumb Code    10  cmsis_os.o(i.osKernelStart)
    osThreadCreate                           0x080085ef   Thumb Code    88  cmsis_os.o(i.osThreadCreate)
    pvPortMalloc                             0x08008e45   Thumb Code   214  heap_4.o(i.pvPortMalloc)
    pxPortInitialiseStack                    0x08008f21   Thumb Code    30  port.o(i.pxPortInitialiseStack)
    sqrt                                     0x08008f45   Thumb Code   110  sqrt.o(i.sqrt)
    steer_chassis_out                        0x08008fb5   Thumb Code   126  steer_chassis.o(i.steer_chassis_out)
    steer_getangle                           0x08009049   Thumb Code     8  steer_chassis.o(i.steer_getangle)
    uxListRemove                             0x08009055   Thumb Code    38  list.o(i.uxListRemove)
    vApplicationGetIdleTaskMemory            0x0800907d   Thumb Code    16  freertos.o(i.vApplicationGetIdleTaskMemory)
    vApplicationGetTimerTaskMemory           0x08009091   Thumb Code    18  freertos.o(i.vApplicationGetTimerTaskMemory)
    vListInitialise                          0x080090a9   Thumb Code    22  list.o(i.vListInitialise)
    vListInitialiseItem                      0x080090bf   Thumb Code     6  list.o(i.vListInitialiseItem)
    vListInsert                              0x080090c5   Thumb Code    48  list.o(i.vListInsert)
    vListInsertEnd                           0x080090f5   Thumb Code    24  list.o(i.vListInsertEnd)
    vPortEnterCritical                       0x0800910d   Thumb Code    54  port.o(i.vPortEnterCritical)
    vPortExitCritical                        0x0800914d   Thumb Code    38  port.o(i.vPortExitCritical)
    vPortFree                                0x08009179   Thumb Code    94  heap_4.o(i.vPortFree)
    vPortSetupTimerInterrupt                 0x080091dd   Thumb Code    32  port.o(i.vPortSetupTimerInterrupt)
    vPortValidateInterruptPriority           0x08009201   Thumb Code    74  port.o(i.vPortValidateInterruptPriority)
    vQueueAddToRegistry                      0x08009255   Thumb Code    32  queue.o(i.vQueueAddToRegistry)
    vQueueWaitForMessageRestricted           0x08009279   Thumb Code    70  queue.o(i.vQueueWaitForMessageRestricted)
    vTaskDelay                               0x080092c1   Thumb Code    70  tasks.o(i.vTaskDelay)
    vTaskDelayUntil                          0x08009311   Thumb Code   142  tasks.o(i.vTaskDelayUntil)
    vTaskDelete                              0x080093a9   Thumb Code   158  tasks.o(i.vTaskDelete)
    vTaskInternalSetTimeOutState             0x08009455   Thumb Code    12  tasks.o(i.vTaskInternalSetTimeOutState)
    vTaskMissedYield                         0x08009465   Thumb Code     8  tasks.o(i.vTaskMissedYield)
    vTaskPlaceOnEventList                    0x08009471   Thumb Code    46  tasks.o(i.vTaskPlaceOnEventList)
    vTaskPlaceOnEventListRestricted          0x080094a5   Thumb Code    54  tasks.o(i.vTaskPlaceOnEventListRestricted)
    vTaskStartScheduler                      0x080094e1   Thumb Code   126  tasks.o(i.vTaskStartScheduler)
    vTaskSuspendAll                          0x08009571   Thumb Code    10  tasks.o(i.vTaskSuspendAll)
    vTaskSwitchContext                       0x08009581   Thumb Code    86  tasks.o(i.vTaskSwitchContext)
    v_cloud_convertto_chassis                0x080095e1   Thumb Code   226  steer_chassis.o(i.v_cloud_convertto_chassis)
    xPortStartScheduler                      0x080096d1   Thumb Code   222  port.o(i.xPortStartScheduler)
    xQueueGenericCreate                      0x080097c5   Thumb Code    68  queue.o(i.xQueueGenericCreate)
    xQueueGenericCreateStatic                0x08009809   Thumb Code   108  queue.o(i.xQueueGenericCreateStatic)
    xQueueGenericReset                       0x08009875   Thumb Code   134  queue.o(i.xQueueGenericReset)
    xQueueGenericSend                        0x08009901   Thumb Code   352  queue.o(i.xQueueGenericSend)
    xQueueGenericSendFromISR                 0x08009a65   Thumb Code   192  queue.o(i.xQueueGenericSendFromISR)
    xQueueReceive                            0x08009b25   Thumb Code   310  queue.o(i.xQueueReceive)
    xTaskCheckForTimeOut                     0x08009c61   Thumb Code   118  tasks.o(i.xTaskCheckForTimeOut)
    xTaskCreate                              0x08009cdd   Thumb Code   100  tasks.o(i.xTaskCreate)
    xTaskCreateStatic                        0x08009d41   Thumb Code    92  tasks.o(i.xTaskCreateStatic)
    xTaskGetSchedulerState                   0x08009d9d   Thumb Code    24  tasks.o(i.xTaskGetSchedulerState)
    xTaskGetTickCount                        0x08009db9   Thumb Code     6  tasks.o(i.xTaskGetTickCount)
    xTaskIncrementTick                       0x08009dc5   Thumb Code   198  tasks.o(i.xTaskIncrementTick)
    xTaskPriorityDisinherit                  0x08009e95   Thumb Code   144  tasks.o(i.xTaskPriorityDisinherit)
    xTaskRemoveFromEventList                 0x08009f2d   Thumb Code   114  tasks.o(i.xTaskRemoveFromEventList)
    xTaskResumeAll                           0x08009fa9   Thumb Code   192  tasks.o(i.xTaskResumeAll)
    xTimerCreateTimerTask                    0x0800a075   Thumb Code    86  timers.o(i.xTimerCreateTimerTask)
    xTimerGenericCommand                     0x0800a0dd   Thumb Code    98  timers.o(i.xTimerGenericCommand)
    __aeabi_dneg                             0x0800a145   Thumb Code     0  basic.o(x$fpl$basic)
    _dneg                                    0x0800a145   Thumb Code     6  basic.o(x$fpl$basic)
    __aeabi_fneg                             0x0800a14b   Thumb Code     0  basic.o(x$fpl$basic)
    _fneg                                    0x0800a14b   Thumb Code     6  basic.o(x$fpl$basic)
    _dabs                                    0x0800a151   Thumb Code     6  basic.o(x$fpl$basic)
    _fabs                                    0x0800a157   Thumb Code     6  basic.o(x$fpl$basic)
    __aeabi_d2f                              0x0800a15d   Thumb Code     0  d2f.o(x$fpl$d2f)
    _d2f                                     0x0800a15d   Thumb Code    98  d2f.o(x$fpl$d2f)
    __aeabi_dadd                             0x0800a1c1   Thumb Code     0  daddsub_clz.o(x$fpl$dadd)
    _dadd                                    0x0800a1c1   Thumb Code   332  daddsub_clz.o(x$fpl$dadd)
    __fpl_dcheck_NaN1                        0x0800a311   Thumb Code    10  dcheck1.o(x$fpl$dcheck1)
    __fpl_dcmp_Inf                           0x0800a321   Thumb Code    24  dcmpi.o(x$fpl$dcmpinf)
    __aeabi_ddiv                             0x0800a339   Thumb Code     0  ddiv.o(x$fpl$ddiv)
    _ddiv                                    0x0800a339   Thumb Code   552  ddiv.o(x$fpl$ddiv)
    __aeabi_d2iz                             0x0800a5e9   Thumb Code     0  dfix.o(x$fpl$dfix)
    _dfix                                    0x0800a5e9   Thumb Code    94  dfix.o(x$fpl$dfix)
    __aeabi_d2uiz                            0x0800a649   Thumb Code     0  dfixu.o(x$fpl$dfixu)
    _dfixu                                   0x0800a649   Thumb Code    90  dfixu.o(x$fpl$dfixu)
    __aeabi_i2d                              0x0800a6a3   Thumb Code     0  dflt_clz.o(x$fpl$dflt)
    _dflt                                    0x0800a6a3   Thumb Code    46  dflt_clz.o(x$fpl$dflt)
    __aeabi_ui2d                             0x0800a6d1   Thumb Code     0  dflt_clz.o(x$fpl$dfltu)
    _dfltu                                   0x0800a6d1   Thumb Code    38  dflt_clz.o(x$fpl$dfltu)
    __aeabi_cdcmple                          0x0800a6f9   Thumb Code     0  dleqf.o(x$fpl$dleqf)
    _dcmple                                  0x0800a6f9   Thumb Code   120  dleqf.o(x$fpl$dleqf)
    __fpl_dcmple_InfNaN                      0x0800a75b   Thumb Code     0  dleqf.o(x$fpl$dleqf)
    __aeabi_dmul                             0x0800a771   Thumb Code     0  dmul.o(x$fpl$dmul)
    _dmul                                    0x0800a771   Thumb Code   332  dmul.o(x$fpl$dmul)
    __fpl_dnaninf                            0x0800a8c5   Thumb Code   156  dnaninf.o(x$fpl$dnaninf)
    __fpl_dretinf                            0x0800a961   Thumb Code    12  dretinf.o(x$fpl$dretinf)
    __aeabi_cdrcmple                         0x0800a96d   Thumb Code     0  drleqf.o(x$fpl$drleqf)
    _drcmple                                 0x0800a96d   Thumb Code   108  drleqf.o(x$fpl$drleqf)
    __aeabi_drsub                            0x0800a9d9   Thumb Code     0  daddsub_clz.o(x$fpl$drsb)
    _drsb                                    0x0800a9d9   Thumb Code    22  daddsub_clz.o(x$fpl$drsb)
    _dsqrt                                   0x0800a9f1   Thumb Code   404  dsqrt_umaal.o(x$fpl$dsqrt)
    __aeabi_dsub                             0x0800ab89   Thumb Code     0  daddsub_clz.o(x$fpl$dsub)
    _dsub                                    0x0800ab89   Thumb Code   464  daddsub_clz.o(x$fpl$dsub)
    __aeabi_f2d                              0x0800ad5d   Thumb Code     0  f2d.o(x$fpl$f2d)
    _f2d                                     0x0800ad5d   Thumb Code    86  f2d.o(x$fpl$f2d)
    __fpl_fnaninf                            0x0800adb3   Thumb Code   140  fnaninf.o(x$fpl$fnaninf)
    _fp_init                                 0x0800ae3f   Thumb Code    10  fpinit.o(x$fpl$fpinit)
    __fplib_config_fpu_vfp                   0x0800ae47   Thumb Code     0  fpinit.o(x$fpl$fpinit)
    __fplib_config_pureend_doubles           0x0800ae47   Thumb Code     0  fpinit.o(x$fpl$fpinit)
    __fpl_fretinf                            0x0800ae49   Thumb Code    10  fretinf.o(x$fpl$fretinf)
    __fpl_return_NaN                         0x0800ae53   Thumb Code   100  retnan.o(x$fpl$retnan)
    __ARM_scalbn                             0x0800aeb7   Thumb Code    92  scalbn.o(x$fpl$scalbn)
    __fpl_cmpreturn                          0x0800af13   Thumb Code    48  trapv.o(x$fpl$trapveneer)
    __I$use$fp                               0x0800af42   Number         0  usenofp.o(x$fpl$usenofp)
    CRC8_TAB_UI                              0x0800b040   Data         256  ui.o(.constdata)
    wCRC_Table_UI                            0x0800b140   Data         512  ui.o(.constdata)
    AHBPrescTable                            0x0800b340   Data          16  system_stm32f4xx.o(.constdata)
    APBPrescTable                            0x0800b350   Data           8  system_stm32f4xx.o(.constdata)
    __mathlib_zero                           0x0800b418   Data           8  qnan.o(.constdata)
    Region$$Table$$Base                      0x0800b5ac   Number         0  anon$$obj.o(Region$$Table)
    Region$$Table$$Limit                     0x0800b5cc   Number         0  anon$$obj.o(Region$$Table)
    CAN1_ReceiveHandle                       0x20000000   Data           4  freertos.o(.data)
    CAN2_ReceiveHandle                       0x20000004   Data           4  freertos.o(.data)
    CAN_SendHandle                           0x20000008   Data           4  freertos.o(.data)
    Task_Can1MsgRecHandle                    0x2000000c   Data           4  freertos.o(.data)
    Task_Can2MsgRecHandle                    0x20000010   Data           4  freertos.o(.data)
    Task_CanSendHandle                       0x20000014   Data           4  freertos.o(.data)
    Task_SPI2MsgRecHandle                    0x20000018   Data           4  freertos.o(.data)
    led_RGB_flow_handle                      0x2000001c   Data           4  freertos.o(.data)
    Robot_Control_Handle                     0x20000020   Data           4  freertos.o(.data)
    Robot_UI_Handle                          0x20000024   Data           4  freertos.o(.data)
    Task_OffLineCheck_Handle                 0x20000028   Data           4  freertos.o(.data)
    StartTaskHandle                          0x2000002c   Data           4  freertos.o(.data)
    Board2_FUN                               0x20000034   Data          12  bsp_boardcommunication.o(.data)
    UI_FUN                                   0x20000348   Data          52  ui.o(.data)
    UI_Seq                                   0x2000037c   Data           1  ui.o(.data)
    Robot_ID                                 0x2000037e   Data           2  ui.o(.data)
    Cilent_ID                                0x20000380   Data           2  ui.o(.data)
    Can_Fun                                  0x20000384   Data           8  bsp_can.o(.data)
    CAN1_0x1ff_Tx_Data                       0x2000038c   Data           8  bsp_can.o(.data)
    CAN1_0x200_Tx_Data                       0x20000394   Data           8  bsp_can.o(.data)
    CAN1_0x2ff_Tx_Data                       0x2000039c   Data           8  bsp_can.o(.data)
    CAN2_0x1ff_Tx_Data                       0x200003a4   Data           8  bsp_can.o(.data)
    CAN2_0x200_Tx_Data                       0x200003ac   Data           8  bsp_can.o(.data)
    CAN2_0x2ff_Tx_Data                       0x200003b4   Data           8  bsp_can.o(.data)
    M3508_FUN                                0x200003d0   Data           8  m3508_motor.o(.data)
    M6020_Array                              0x200003d8   Data           4  m6020_motor.o(.data)
    M6020_Fun                                0x200003dc   Data          16  m6020_motor.o(.data)
    Setup_Angleoffset                        0x200003ec   Data           4  cloud_control.o(.data)
    shit                                     0x200003f0   Data           4  cloud_control.o(.data)
    Cloud_FUN                                0x200003f4   Data          16  cloud_control.o(.data)
    PowerControl_Fun                         0x20000404   Data           8  powercontrol.o(.data)
    PowerTxData                              0x2000040c   Data           8  powercontrol.o(.data)
    follow                                   0x20000414   Data           1  steer_chassis.o(.data)
    dirt                                     0x20000415   Data           4  steer_chassis.o(.data)
    RGB_flow_color                           0x2000041c   Data          28  task_led.o(.data)
    CAP_Ratio                                0x2000043c   Data           4  task_robotui.o(.data)
    stringWarning                            0x20000440   Data           8  task_robotui.o(.data)
    SystemCoreClock                          0x2000044c   Data           4  system_stm32f4xx.o(.data)
    uwTickFreq                               0x20000450   Data           1  stm32f4xx_hal.o(.data)
    uwTickPrio                               0x20000454   Data           4  stm32f4xx_hal.o(.data)
    uwTick                                   0x20000458   Data           4  stm32f4xx_hal.o(.data)
    pxCurrentTCB                             0x2000045c   Data           4  tasks.o(.data)
    hcan1                                    0x20000b80   Data          40  can.o(.bss)
    hcan2                                    0x20000ba8   Data          40  can.o(.bss)
    hrtc                                     0x20000bd0   Data          32  rtc.o(.bss)
    hspi2                                    0x20000bf0   Data          88  spi.o(.bss)
    htim5                                    0x20000c48   Data          72  tim.o(.bss)
    htim6                                    0x20000c90   Data          72  tim.o(.bss)
    huart1                                   0x20000cd8   Data          72  usart.o(.bss)
    huart3                                   0x20000d20   Data          72  usart.o(.bss)
    huart6                                   0x20000d68   Data          72  usart.o(.bss)
    hdma_usart1_rx                           0x20000db0   Data          96  usart.o(.bss)
    hdma_usart1_tx                           0x20000e10   Data          96  usart.o(.bss)
    hdma_usart3_rx                           0x20000e70   Data          96  usart.o(.bss)
    hdma_usart6_rx                           0x20000ed0   Data          96  usart.o(.bss)
    hdma_usart6_tx                           0x20000f30   Data          96  usart.o(.bss)
    htim1                                    0x20000f90   Data          72  stm32f4xx_hal_timebase_tim.o(.bss)
    Cloud_YAWODKalman                        0x20000fd8   Data          48  pid.o(.bss)
    ControlMes                               0x20001008   Data          32  bsp_boardcommunication.o(.bss)
    JudgeSystem_rxBuff                       0x20001028   Data         136  protocol_judgement.o(.bss)
    g_referee                                0x200010b0   Data         412  protocol_judgement.o(.bss)
    UI_Graph1                                0x2000124c   Data          30  ui.o(.bss)
    UI_Graph2                                0x2000126a   Data          45  ui.o(.bss)
    UI_Graph5                                0x20001297   Data          90  ui.o(.bss)
    UI_Graph7                                0x200012f1   Data         120  ui.o(.bss)
    UI_String1                               0x20001369   Data          60  ui.o(.bss)
    UI_String2                               0x200013a5   Data          60  ui.o(.bss)
    UI_String3                               0x200013e1   Data          60  ui.o(.bss)
    UI_Delete                                0x2000141d   Data          17  ui.o(.bss)
    Can_Data                                 0x20001430   Data         152  bsp_can.o(.bss)
    Saber_Rxbuffer                           0x20001510   Data          76  saber_c3.o(.bss)
    Saber_Montage                            0x2000155c   Data         152  saber_c3.o(.bss)
    Saber_Angle                              0x200015f4   Data          24  saber_c3.o(.bss)
    N100_Rxbuffer                            0x2000160c   Data          56  n100.o(.bss)
    N100_Angle                               0x20001644   Data          44  n100.o(.bss)
    RC_CtrlData                              0x20001670   Data          22  dt7.o(.bss)
    MA600s                                   0x20001698   Data         160  ma600_use.o(.bss)
    M3508_Helm                               0x20001738   Data        1600  m3508_motor.o(.bss)
    M6020s_Yaw                               0x20001d78   Data          36  m6020_motor.o(.bss)
    Dial_2006                                0x20001d9c   Data          32  m2006_motor.o(.bss)
    M6020s_YawIPID                           0x20001dbc   Data          76  cloud_control.o(.bss)
    M6020s_YawOPID                           0x20001e08   Data          76  cloud_control.o(.bss)
    AutoAim_M6020s_YawIPID                   0x20001e54   Data          76  cloud_control.o(.bss)
    AutoAim_M6020s_YawOPID                   0x20001ea0   Data          76  cloud_control.o(.bss)
    Cloud_YawMotorAngle_Error_Kalman         0x20001eec   Data          48  cloud_control.o(.bss)
    Cloud_YawCurrent_Kalman                  0x20001f1c   Data          48  cloud_control.o(.bss)
    Cloud_YawCurrent_Kalman_manul            0x20001f4c   Data          48  cloud_control.o(.bss)
    Cloud                                    0x20001f7c   Data          24  cloud_control.o(.bss)
    PowerRxData                              0x20001f94   Data          12  powercontrol.o(.bss)
    chassis_control                          0x20001fa0   Data          64  steer_chassis.o(.bss)
    chassis_follow                           0x20001fe0   Data          80  steer_chassis.o(.bss)
    xQueueRegistry                           0x20002030   Data          64  queue.o(.bss)
    __libspace_start                         0x20009a48   Data          96  libspace.o(.bss)
    __temporary_stack_top$libspace           0x20009aa8   Data           0  libspace.o(.bss)



==============================================================================

Memory Map of the image

  Image Entry point : 0x08000189

  Load Region LR_IROM1 (Base: 0x08000000, Size: 0x0000baa4, Max: 0x00100000, ABSOLUTE, COMPRESSED[0x0000b980])

    Execution Region ER_IROM1 (Exec base: 0x08000000, Load base: 0x08000000, Size: 0x0000b5cc, Max: 0x00100000, ABSOLUTE)

    Exec Addr    Load Addr    Size         Type   Attr      Idx    E Section Name        Object

    0x08000000   0x08000000   0x00000188   Data   RO            3    RESET               startup_stm32f407xx.o
    0x08000188   0x08000188   0x00000008   Code   RO         8461  * !!!main             c_w.l(__main.o)
    0x08000190   0x08000190   0x00000034   Code   RO         8889    !!!scatter          c_w.l(__scatter.o)
    0x080001c4   0x080001c4   0x0000005a   Code   RO         8887    !!dczerorl2         c_w.l(__dczerorl2.o)
    0x0800021e   0x0800021e   0x00000002   PAD
    0x08000220   0x08000220   0x0000001c   Code   RO         8891    !!handler_zi        c_w.l(__scatter_zi.o)
    0x0800023c   0x0800023c   0x00000002   Code   RO         8754    .ARM.Collect$$libinit$$00000000  c_w.l(libinit.o)
    0x0800023e   0x0800023e   0x00000004   Code   RO         8755    .ARM.Collect$$libinit$$00000001  c_w.l(libinit2.o)
    0x08000242   0x08000242   0x00000000   Code   RO         8758    .ARM.Collect$$libinit$$00000004  c_w.l(libinit2.o)
    0x08000242   0x08000242   0x00000000   Code   RO         8761    .ARM.Collect$$libinit$$0000000A  c_w.l(libinit2.o)
    0x08000242   0x08000242   0x00000000   Code   RO         8763    .ARM.Collect$$libinit$$0000000C  c_w.l(libinit2.o)
    0x08000242   0x08000242   0x00000000   Code   RO         8765    .ARM.Collect$$libinit$$0000000E  c_w.l(libinit2.o)
    0x08000242   0x08000242   0x00000000   Code   RO         8768    .ARM.Collect$$libinit$$00000011  c_w.l(libinit2.o)
    0x08000242   0x08000242   0x00000000   Code   RO         8770    .ARM.Collect$$libinit$$00000013  c_w.l(libinit2.o)
    0x08000242   0x08000242   0x00000000   Code   RO         8772    .ARM.Collect$$libinit$$00000015  c_w.l(libinit2.o)
    0x08000242   0x08000242   0x00000000   Code   RO         8774    .ARM.Collect$$libinit$$00000017  c_w.l(libinit2.o)
    0x08000242   0x08000242   0x00000000   Code   RO         8776    .ARM.Collect$$libinit$$00000019  c_w.l(libinit2.o)
    0x08000242   0x08000242   0x00000000   Code   RO         8778    .ARM.Collect$$libinit$$0000001B  c_w.l(libinit2.o)
    0x08000242   0x08000242   0x00000000   Code   RO         8780    .ARM.Collect$$libinit$$0000001D  c_w.l(libinit2.o)
    0x08000242   0x08000242   0x00000000   Code   RO         8782    .ARM.Collect$$libinit$$0000001F  c_w.l(libinit2.o)
    0x08000242   0x08000242   0x00000000   Code   RO         8784    .ARM.Collect$$libinit$$00000021  c_w.l(libinit2.o)
    0x08000242   0x08000242   0x00000000   Code   RO         8786    .ARM.Collect$$libinit$$00000023  c_w.l(libinit2.o)
    0x08000242   0x08000242   0x00000000   Code   RO         8788    .ARM.Collect$$libinit$$00000025  c_w.l(libinit2.o)
    0x08000242   0x08000242   0x00000000   Code   RO         8792    .ARM.Collect$$libinit$$0000002C  c_w.l(libinit2.o)
    0x08000242   0x08000242   0x00000000   Code   RO         8794    .ARM.Collect$$libinit$$0000002E  c_w.l(libinit2.o)
    0x08000242   0x08000242   0x00000000   Code   RO         8796    .ARM.Collect$$libinit$$00000030  c_w.l(libinit2.o)
    0x08000242   0x08000242   0x00000000   Code   RO         8798    .ARM.Collect$$libinit$$00000032  c_w.l(libinit2.o)
    0x08000242   0x08000242   0x00000002   Code   RO         8799    .ARM.Collect$$libinit$$00000033  c_w.l(libinit2.o)
    0x08000244   0x08000244   0x00000002   Code   RO         8850    .ARM.Collect$$libshutdown$$00000000  c_w.l(libshutdown.o)
    0x08000246   0x08000246   0x00000000   Code   RO         8868    .ARM.Collect$$libshutdown$$00000002  c_w.l(libshutdown2.o)
    0x08000246   0x08000246   0x00000000   Code   RO         8870    .ARM.Collect$$libshutdown$$00000004  c_w.l(libshutdown2.o)
    0x08000246   0x08000246   0x00000000   Code   RO         8872    .ARM.Collect$$libshutdown$$00000006  c_w.l(libshutdown2.o)
    0x08000246   0x08000246   0x00000000   Code   RO         8875    .ARM.Collect$$libshutdown$$00000009  c_w.l(libshutdown2.o)
    0x08000246   0x08000246   0x00000000   Code   RO         8878    .ARM.Collect$$libshutdown$$0000000C  c_w.l(libshutdown2.o)
    0x08000246   0x08000246   0x00000000   Code   RO         8880    .ARM.Collect$$libshutdown$$0000000E  c_w.l(libshutdown2.o)
    0x08000246   0x08000246   0x00000000   Code   RO         8883    .ARM.Collect$$libshutdown$$00000011  c_w.l(libshutdown2.o)
    0x08000246   0x08000246   0x00000002   Code   RO         8884    .ARM.Collect$$libshutdown$$00000012  c_w.l(libshutdown2.o)
    0x08000248   0x08000248   0x00000000   Code   RO         8567    .ARM.Collect$$rtentry$$00000000  c_w.l(__rtentry.o)
    0x08000248   0x08000248   0x00000000   Code   RO         8664    .ARM.Collect$$rtentry$$00000002  c_w.l(__rtentry2.o)
    0x08000248   0x08000248   0x00000006   Code   RO         8676    .ARM.Collect$$rtentry$$00000004  c_w.l(__rtentry4.o)
    0x0800024e   0x0800024e   0x00000000   Code   RO         8666    .ARM.Collect$$rtentry$$00000009  c_w.l(__rtentry2.o)
    0x0800024e   0x0800024e   0x00000004   Code   RO         8667    .ARM.Collect$$rtentry$$0000000A  c_w.l(__rtentry2.o)
    0x08000252   0x08000252   0x00000000   Code   RO         8669    .ARM.Collect$$rtentry$$0000000C  c_w.l(__rtentry2.o)
    0x08000252   0x08000252   0x00000008   Code   RO         8670    .ARM.Collect$$rtentry$$0000000D  c_w.l(__rtentry2.o)
    0x0800025a   0x0800025a   0x00000002   Code   RO         8802    .ARM.Collect$$rtexit$$00000000  c_w.l(rtexit.o)
    0x0800025c   0x0800025c   0x00000000   Code   RO         8819    .ARM.Collect$$rtexit$$00000002  c_w.l(rtexit2.o)
    0x0800025c   0x0800025c   0x00000004   Code   RO         8820    .ARM.Collect$$rtexit$$00000003  c_w.l(rtexit2.o)
    0x08000260   0x08000260   0x00000006   Code   RO         8821    .ARM.Collect$$rtexit$$00000004  c_w.l(rtexit2.o)
    0x08000266   0x08000266   0x00000002   PAD
    0x08000268   0x08000268   0x000000be   Code   RO         8142    .emb_text           port.o
    0x08000326   0x08000326   0x00000002   PAD
    0x08000328   0x08000328   0x00000040   Code   RO            4    .text               startup_stm32f407xx.o
    0x08000368   0x08000368   0x000000ee   Code   RO         8414    .text               c_w.l(lludivv7m.o)
    0x08000456   0x08000456   0x0000008a   Code   RO         8449    .text               c_w.l(rt_memcpy_v6.o)
    0x080004e0   0x080004e0   0x00000064   Code   RO         8451    .text               c_w.l(rt_memcpy_w.o)
    0x08000544   0x08000544   0x00000044   Code   RO         8455    .text               c_w.l(rt_memclr.o)
    0x08000588   0x08000588   0x0000004e   Code   RO         8457    .text               c_w.l(rt_memclr_w.o)
    0x080005d6   0x080005d6   0x00000006   Code   RO         8459    .text               c_w.l(heapauxi.o)
    0x080005dc   0x080005dc   0x00000016   Code   RO         8572    .text               c_w.l(_rserrno.o)
    0x080005f2   0x080005f2   0x00000002   PAD
    0x080005f4   0x080005f4   0x00000008   Code   RO         8688    .text               c_w.l(rt_errno_addr_intlibspace.o)
    0x080005fc   0x080005fc   0x00000008   Code   RO         8736    .text               c_w.l(libspace.o)
    0x08000604   0x08000604   0x0000004a   Code   RO         8739    .text               c_w.l(sys_stackheap_outer.o)
    0x0800064e   0x0800064e   0x00000012   Code   RO         8741    .text               c_w.l(exit.o)
    0x08000660   0x08000660   0x0000000c   Code   RO         8816    .text               c_w.l(sys_exit.o)
    0x0800066c   0x0800066c   0x00000002   Code   RO         8837    .text               c_w.l(use_no_semi.o)
    0x0800066e   0x0800066e   0x00000000   Code   RO         8839    .text               c_w.l(indicate_semi.o)
    0x0800066e   0x0800066e   0x00000002   PAD
    0x08000670   0x08000670   0x0000012c   Code   RO          312    i.ALL_Init          freertos.o
    0x0800079c   0x0800079c   0x00000028   Code   RO         2919    i.AllCanSend        task_cansend.o
    0x080007c4   0x080007c4   0x00000096   Code   RO         1531    i.Arc_Draw          ui.o
    0x0800085a   0x0800085a   0x00000002   PAD
    0x0800085c   0x0800085c   0x00000098   Code   RO         1400    i.Board2_To_1       bsp_boardcommunication.o
    0x080008f4   0x080008f4   0x000000ac   Code   RO         1401    i.Board2_getChassisInfo  bsp_boardcommunication.o
    0x080009a0   0x080009a0   0x000000a4   Code   RO         1402    i.Board2_getGimbalInfo  bsp_boardcommunication.o
    0x08000a44   0x08000a44   0x00000002   Code   RO          750    i.BusFault_Handler  stm32f4xx_it.o
    0x08000a46   0x08000a46   0x00000002   PAD
    0x08000a48   0x08000a48   0x0000000c   Code   RO          751    i.CAN1_RX0_IRQHandler  stm32f4xx_it.o
    0x08000a54   0x08000a54   0x0000000c   Code   RO          752    i.CAN1_TX_IRQHandler  stm32f4xx_it.o
    0x08000a60   0x08000a60   0x0000000c   Code   RO          753    i.CAN2_RX0_IRQHandler  stm32f4xx_it.o
    0x08000a6c   0x08000a6c   0x0000000c   Code   RO          754    i.CAN2_TX_IRQHandler  stm32f4xx_it.o
    0x08000a78   0x08000a78   0x00000032   Code   RO         1643    i.CAN_FILTER_Init   bsp_can.o
    0x08000aaa   0x08000aaa   0x00000002   PAD
    0x08000aac   0x08000aac   0x00000034   Code   RO         1644    i.CAN_IT_Init       bsp_can.o
    0x08000ae0   0x08000ae0   0x00000036   Code   RO         1645    i.CAN_SendData      bsp_can.o
    0x08000b16   0x08000b16   0x00000002   PAD
    0x08000b18   0x08000b18   0x00000080   Code   RO         2885    i.Can1Receives      task_canreceive.o
    0x08000b98   0x08000b98   0x00000084   Code   RO         2886    i.Can2Receives      task_canreceive.o
    0x08000c1c   0x08000c1c   0x0000008e   Code   RO         1532    i.Char_Draw         ui.o
    0x08000caa   0x08000caa   0x00000070   Code   RO         1533    i.Circle_Draw       ui.o
    0x08000d1a   0x08000d1a   0x00000002   PAD
    0x08000d1c   0x08000d1c   0x00000084   Code   RO         2666    i.Cloud_Init        cloud_control.o
    0x08000da0   0x08000da0   0x000000c4   Code   RO         2667    i.Cloud_Sport_Out   cloud_control.o
    0x08000e64   0x08000e64   0x0000015c   Code   RO         2668    i.Cloud_Yaw_Angle_Set  cloud_control.o
    0x08000fc0   0x08000fc0   0x00000090   Code   RO         2098    i.DATA_Trans        n100.o
    0x08001050   0x08001050   0x0000000c   Code   RO          755    i.DMA1_Stream1_IRQHandler  stm32f4xx_it.o
    0x0800105c   0x0800105c   0x0000000c   Code   RO          756    i.DMA2_Stream1_IRQHandler  stm32f4xx_it.o
    0x08001068   0x08001068   0x0000000c   Code   RO          757    i.DMA2_Stream5_IRQHandler  stm32f4xx_it.o
    0x08001074   0x08001074   0x0000000c   Code   RO          758    i.DMA2_Stream6_IRQHandler  stm32f4xx_it.o
    0x08001080   0x08001080   0x0000000c   Code   RO          759    i.DMA2_Stream7_IRQHandler  stm32f4xx_it.o
    0x0800108c   0x0800108c   0x0000002c   Code   RO         4956    i.DMA_CalcBaseAndBitshift  stm32f4xx_hal_dma.o
    0x080010b8   0x080010b8   0x00000078   Code   RO         4957    i.DMA_CheckFifoParam  stm32f4xx_hal_dma.o
    0x08001130   0x08001130   0x0000002a   Code   RO         4958    i.DMA_SetConfig     stm32f4xx_hal_dma.o
    0x0800115a   0x0800115a   0x00000002   PAD
    0x0800115c   0x0800115c   0x00000014   Code   RO         2147    i.DT7_Init          dt7.o
    0x08001170   0x08001170   0x00000002   Code   RO          760    i.DebugMon_Handler  stm32f4xx_it.o
    0x08001172   0x08001172   0x00000006   Code   RO          761    i.EXTI0_IRQHandler  stm32f4xx_it.o
    0x08001178   0x08001178   0x00000004   Code   RO           13    i.Error_Handler     main.o
    0x0800117c   0x0800117c   0x000000b0   Code   RO         1534    i.Float_Draw        ui.o
    0x0800122c   0x0800122c   0x00000030   Code   RO         1447    i.Get_CRC16_Check_Sum  protocol_judgement.o
    0x0800125c   0x0800125c   0x00000030   Code   RO         1535    i.Get_CRC16_Check_Sum_UI  ui.o
    0x0800128c   0x0800128c   0x0000001c   Code   RO         1448    i.Get_CRC8_Check_Sum  protocol_judgement.o
    0x080012a8   0x080012a8   0x0000001c   Code   RO         1536    i.Get_CRC8_Check_Sum_UI  ui.o
    0x080012c4   0x080012c4   0x00000024   Code   RO         4219    i.HAL_CAN_ActivateNotification  stm32f4xx_hal_can.o
    0x080012e8   0x080012e8   0x000000e2   Code   RO         4220    i.HAL_CAN_AddTxMessage  stm32f4xx_hal_can.o
    0x080013ca   0x080013ca   0x00000002   PAD
    0x080013cc   0x080013cc   0x00000110   Code   RO         4221    i.HAL_CAN_ConfigFilter  stm32f4xx_hal_can.o
    0x080014dc   0x080014dc   0x00000002   Code   RO         4224    i.HAL_CAN_ErrorCallback  stm32f4xx_hal_can.o
    0x080014de   0x080014de   0x00000112   Code   RO         4227    i.HAL_CAN_GetRxMessage  stm32f4xx_hal_can.o
    0x080015f0   0x080015f0   0x000001fc   Code   RO         4231    i.HAL_CAN_IRQHandler  stm32f4xx_hal_can.o
    0x080017ec   0x080017ec   0x00000152   Code   RO         4232    i.HAL_CAN_Init      stm32f4xx_hal_can.o
    0x0800193e   0x0800193e   0x00000002   PAD
    0x08001940   0x08001940   0x00000120   Code   RO          486    i.HAL_CAN_MspInit   can.o
    0x08001a60   0x08001a60   0x00000002   Code   RO         4239    i.HAL_CAN_RxFifo0FullCallback  stm32f4xx_hal_can.o
    0x08001a62   0x08001a62   0x00000002   PAD
    0x08001a64   0x08001a64   0x000000c0   Code   RO         1646    i.HAL_CAN_RxFifo0MsgPendingCallback  bsp_can.o
    0x08001b24   0x08001b24   0x00000002   Code   RO         4241    i.HAL_CAN_RxFifo1FullCallback  stm32f4xx_hal_can.o
    0x08001b26   0x08001b26   0x00000002   Code   RO         4242    i.HAL_CAN_RxFifo1MsgPendingCallback  stm32f4xx_hal_can.o
    0x08001b28   0x08001b28   0x00000002   Code   RO         4243    i.HAL_CAN_SleepCallback  stm32f4xx_hal_can.o
    0x08001b2a   0x08001b2a   0x00000058   Code   RO         4244    i.HAL_CAN_Start     stm32f4xx_hal_can.o
    0x08001b82   0x08001b82   0x00000002   Code   RO         4246    i.HAL_CAN_TxMailbox0AbortCallback  stm32f4xx_hal_can.o
    0x08001b84   0x08001b84   0x00000002   Code   RO         4247    i.HAL_CAN_TxMailbox0CompleteCallback  stm32f4xx_hal_can.o
    0x08001b86   0x08001b86   0x00000002   Code   RO         4248    i.HAL_CAN_TxMailbox1AbortCallback  stm32f4xx_hal_can.o
    0x08001b88   0x08001b88   0x00000002   Code   RO         4249    i.HAL_CAN_TxMailbox1CompleteCallback  stm32f4xx_hal_can.o
    0x08001b8a   0x08001b8a   0x00000002   Code   RO         4250    i.HAL_CAN_TxMailbox2AbortCallback  stm32f4xx_hal_can.o
    0x08001b8c   0x08001b8c   0x00000002   Code   RO         4251    i.HAL_CAN_TxMailbox2CompleteCallback  stm32f4xx_hal_can.o
    0x08001b8e   0x08001b8e   0x00000002   Code   RO         4253    i.HAL_CAN_WakeUpFromRxMsgCallback  stm32f4xx_hal_can.o
    0x08001b90   0x08001b90   0x0000008e   Code   RO         4959    i.HAL_DMA_Abort     stm32f4xx_hal_dma.o
    0x08001c1e   0x08001c1e   0x00000024   Code   RO         4960    i.HAL_DMA_Abort_IT  stm32f4xx_hal_dma.o
    0x08001c42   0x08001c42   0x00000002   PAD
    0x08001c44   0x08001c44   0x000001d0   Code   RO         4964    i.HAL_DMA_IRQHandler  stm32f4xx_hal_dma.o
    0x08001e14   0x08001e14   0x000000d4   Code   RO         4965    i.HAL_DMA_Init      stm32f4xx_hal_dma.o
    0x08001ee8   0x08001ee8   0x0000006e   Code   RO         4969    i.HAL_DMA_Start_IT  stm32f4xx_hal_dma.o
    0x08001f56   0x08001f56   0x00000002   PAD
    0x08001f58   0x08001f58   0x00000024   Code   RO         5396    i.HAL_Delay         stm32f4xx_hal.o
    0x08001f7c   0x08001f7c   0x00000002   Code   RO         4850    i.HAL_GPIO_EXTI_Callback  stm32f4xx_hal_gpio.o
    0x08001f7e   0x08001f7e   0x00000002   PAD
    0x08001f80   0x08001f80   0x00000018   Code   RO         4851    i.HAL_GPIO_EXTI_IRQHandler  stm32f4xx_hal_gpio.o
    0x08001f98   0x08001f98   0x000001d0   Code   RO         4852    i.HAL_GPIO_Init     stm32f4xx_hal_gpio.o
    0x08002168   0x08002168   0x0000000e   Code   RO         4856    i.HAL_GPIO_WritePin  stm32f4xx_hal_gpio.o
    0x08002176   0x08002176   0x00000002   PAD
    0x08002178   0x08002178   0x0000000c   Code   RO         5402    i.HAL_GetTick       stm32f4xx_hal.o
    0x08002184   0x08002184   0x00000010   Code   RO         5408    i.HAL_IncTick       stm32f4xx_hal.o
    0x08002194   0x08002194   0x00000034   Code   RO         5409    i.HAL_Init          stm32f4xx_hal.o
    0x080021c8   0x080021c8   0x0000008c   Code   RO          910    i.HAL_InitTick      stm32f4xx_hal_timebase_tim.o
    0x08002254   0x08002254   0x00000038   Code   RO          886    i.HAL_MspInit       stm32f4xx_hal_msp.o
    0x0800228c   0x0800228c   0x0000001a   Code   RO         5244    i.HAL_NVIC_EnableIRQ  stm32f4xx_hal_cortex.o
    0x080022a6   0x080022a6   0x00000002   PAD
    0x080022a8   0x080022a8   0x00000040   Code   RO         5250    i.HAL_NVIC_SetPriority  stm32f4xx_hal_cortex.o
    0x080022e8   0x080022e8   0x00000024   Code   RO         5251    i.HAL_NVIC_SetPriorityGrouping  stm32f4xx_hal_cortex.o
    0x0800230c   0x0800230c   0x00000148   Code   RO         4558    i.HAL_RCCEx_PeriphCLKConfig  stm32f4xx_hal_rcc_ex.o
    0x08002454   0x08002454   0x0000014c   Code   RO         4453    i.HAL_RCC_ClockConfig  stm32f4xx_hal_rcc.o
    0x080025a0   0x080025a0   0x0000003c   Code   RO         4457    i.HAL_RCC_GetClockConfig  stm32f4xx_hal_rcc.o
    0x080025dc   0x080025dc   0x0000000c   Code   RO         4458    i.HAL_RCC_GetHCLKFreq  stm32f4xx_hal_rcc.o
    0x080025e8   0x080025e8   0x00000020   Code   RO         4460    i.HAL_RCC_GetPCLK1Freq  stm32f4xx_hal_rcc.o
    0x08002608   0x08002608   0x00000020   Code   RO         4461    i.HAL_RCC_GetPCLK2Freq  stm32f4xx_hal_rcc.o
    0x08002628   0x08002628   0x0000006c   Code   RO         4462    i.HAL_RCC_GetSysClockFreq  stm32f4xx_hal_rcc.o
    0x08002694   0x08002694   0x000003c0   Code   RO         4465    i.HAL_RCC_OscConfig  stm32f4xx_hal_rcc.o
    0x08002a54   0x08002a54   0x000000a0   Code   RO         5660    i.HAL_RTC_Init      stm32f4xx_hal_rtc.o
    0x08002af4   0x08002af4   0x00000038   Code   RO          559    i.HAL_RTC_MspInit   rtc.o
    0x08002b2c   0x08002b2c   0x0000009c   Code   RO         5666    i.HAL_RTC_SetDate   stm32f4xx_hal_rtc.o
    0x08002bc8   0x08002bc8   0x000000c0   Code   RO         5667    i.HAL_RTC_SetTime   stm32f4xx_hal_rtc.o
    0x08002c88   0x08002c88   0x00000034   Code   RO         5668    i.HAL_RTC_WaitForSynchro  stm32f4xx_hal_rtc.o
    0x08002cbc   0x08002cbc   0x000000be   Code   RO         6060    i.HAL_SPI_Init      stm32f4xx_hal_spi.o
    0x08002d7a   0x08002d7a   0x00000002   PAD
    0x08002d7c   0x08002d7c   0x0000006c   Code   RO          601    i.HAL_SPI_MspInit   spi.o
    0x08002de8   0x08002de8   0x000001fa   Code   RO         6069    i.HAL_SPI_TransmitReceive  stm32f4xx_hal_spi.o
    0x08002fe2   0x08002fe2   0x00000002   Code   RO         3951    i.HAL_TIMEx_BreakCallback  stm32f4xx_hal_tim_ex.o
    0x08002fe4   0x08002fe4   0x00000002   Code   RO         3952    i.HAL_TIMEx_CommutCallback  stm32f4xx_hal_tim_ex.o
    0x08002fe6   0x08002fe6   0x00000002   PAD
    0x08002fe8   0x08002fe8   0x00000090   Code   RO         3970    i.HAL_TIMEx_MasterConfigSynchronization  stm32f4xx_hal_tim_ex.o
    0x08003078   0x08003078   0x0000004a   Code   RO         3236    i.HAL_TIM_Base_Init  stm32f4xx_hal_tim.o
    0x080030c2   0x080030c2   0x00000002   PAD
    0x080030c4   0x080030c4   0x00000044   Code   RO          643    i.HAL_TIM_Base_MspInit  tim.o
    0x08003108   0x08003108   0x00000080   Code   RO         3239    i.HAL_TIM_Base_Start  stm32f4xx_hal_tim.o
    0x08003188   0x08003188   0x0000008c   Code   RO         3241    i.HAL_TIM_Base_Start_IT  stm32f4xx_hal_tim.o
    0x08003214   0x08003214   0x000000e8   Code   RO         3245    i.HAL_TIM_ConfigClockSource  stm32f4xx_hal_tim.o
    0x080032fc   0x080032fc   0x00000002   Code   RO         3270    i.HAL_TIM_IC_CaptureCallback  stm32f4xx_hal_tim.o
    0x080032fe   0x080032fe   0x00000138   Code   RO         3284    i.HAL_TIM_IRQHandler  stm32f4xx_hal_tim.o
    0x08003436   0x08003436   0x00000002   PAD
    0x08003438   0x08003438   0x00000074   Code   RO          644    i.HAL_TIM_MspPostInit  tim.o
    0x080034ac   0x080034ac   0x00000002   Code   RO         3287    i.HAL_TIM_OC_DelayElapsedCallback  stm32f4xx_hal_tim.o
    0x080034ae   0x080034ae   0x000000d8   Code   RO         3308    i.HAL_TIM_PWM_ConfigChannel  stm32f4xx_hal_tim.o
    0x08003586   0x08003586   0x0000004a   Code   RO         3311    i.HAL_TIM_PWM_Init  stm32f4xx_hal_tim.o
    0x080035d0   0x080035d0   0x00000002   Code   RO         3313    i.HAL_TIM_PWM_MspInit  stm32f4xx_hal_tim.o
    0x080035d2   0x080035d2   0x00000002   Code   RO         3314    i.HAL_TIM_PWM_PulseFinishedCallback  stm32f4xx_hal_tim.o
    0x080035d4   0x080035d4   0x000000dc   Code   RO         3316    i.HAL_TIM_PWM_Start  stm32f4xx_hal_tim.o
    0x080036b0   0x080036b0   0x00000014   Code   RO           14    i.HAL_TIM_PeriodElapsedCallback  main.o
    0x080036c4   0x080036c4   0x00000002   Code   RO         3327    i.HAL_TIM_TriggerCallback  stm32f4xx_hal_tim.o
    0x080036c6   0x080036c6   0x00000056   Code   RO         6381    i.HAL_UARTEx_ReceiveToIdle_DMA  stm32f4xx_hal_uart.o
    0x0800371c   0x0800371c   0x00000054   Code   RO         2006    i.HAL_UARTEx_RxEventCallback  bsp_usart.o
    0x08003770   0x08003770   0x00000002   Code   RO         6397    i.HAL_UART_ErrorCallback  stm32f4xx_hal_uart.o
    0x08003772   0x08003772   0x00000002   PAD
    0x08003774   0x08003774   0x00000230   Code   RO         6400    i.HAL_UART_IRQHandler  stm32f4xx_hal_uart.o
    0x080039a4   0x080039a4   0x00000066   Code   RO         6401    i.HAL_UART_Init     stm32f4xx_hal_uart.o
    0x08003a0a   0x08003a0a   0x00000002   PAD
    0x08003a0c   0x08003a0c   0x00000268   Code   RO          697    i.HAL_UART_MspInit  usart.o
    0x08003c74   0x08003c74   0x0000001c   Code   RO         6405    i.HAL_UART_Receive_DMA  stm32f4xx_hal_uart.o
    0x08003c90   0x08003c90   0x0000003c   Code   RO         2007    i.HAL_UART_RxCpltCallback  bsp_usart.o
    0x08003ccc   0x08003ccc   0x00000002   Code   RO         6408    i.HAL_UART_RxHalfCpltCallback  stm32f4xx_hal_uart.o
    0x08003cce   0x08003cce   0x00000002   PAD
    0x08003cd0   0x08003cd0   0x0000007c   Code   RO         6410    i.HAL_UART_Transmit_DMA  stm32f4xx_hal_uart.o
    0x08003d4c   0x08003d4c   0x00000002   Code   RO         6412    i.HAL_UART_TxCpltCallback  stm32f4xx_hal_uart.o
    0x08003d4e   0x08003d4e   0x00000002   Code   RO         6413    i.HAL_UART_TxHalfCpltCallback  stm32f4xx_hal_uart.o
    0x08003d50   0x08003d50   0x00000002   Code   RO          762    i.HardFault_Handler  stm32f4xx_it.o
    0x08003d52   0x08003d52   0x00000002   PAD
    0x08003d54   0x08003d54   0x000000a8   Code   RO         1537    i.ID_Judge          ui.o
    0x08003dfc   0x08003dfc   0x0000001c   Code   RO         1449    i.JudgeSystem_Handler  protocol_judgement.o
    0x08003e18   0x08003e18   0x0000000c   Code   RO         1450    i.JudgeSystem_USART_Receive_DMA  protocol_judgement.o
    0x08003e24   0x08003e24   0x0000020c   Code   RO         1451    i.Judge_GetMessage  protocol_judgement.o
    0x08004030   0x08004030   0x00000076   Code   RO         1538    i.Line_Draw         ui.o
    0x080040a6   0x080040a6   0x0000001a   Code   RO         2417    i.M3508_Init        m3508_motor.o
    0x080040c0   0x080040c0   0x00000094   Code   RO         2418    i.M3508_getInfo     m3508_motor.o
    0x08004154   0x08004154   0x0000001e   Code   RO         2419    i.M3508_setCurrent  m3508_motor.o
    0x08004172   0x08004172   0x00000016   Code   RO         2485    i.M6020_Reset       m6020_motor.o
    0x08004188   0x08004188   0x000000bc   Code   RO         2486    i.M6020_getInfo     m6020_motor.o
    0x08004244   0x08004244   0x00000004   Code   RO         2487    i.M6020_setTargetAngle  m6020_motor.o
    0x08004248   0x08004248   0x0000001e   Code   RO         2488    i.M6020_setVoltage  m6020_motor.o
    0x08004266   0x08004266   0x0000003e   Code   RO         2234    i.MA600_Get_Angle   ma600_base.o
    0x080042a4   0x080042a4   0x0000000e   Code   RO         2237    i.MA600_HandleInit  ma600_base.o
    0x080042b2   0x080042b2   0x00000002   PAD
    0x080042b4   0x080042b4   0x00000054   Code   RO         2183    i.MA600sInit        ma600_use.o
    0x08004308   0x08004308   0x00000094   Code   RO         2184    i.MA600s_Read_Chassis  ma600_use.o
    0x0800439c   0x0800439c   0x00000044   Code   RO          487    i.MX_CAN1_Init      can.o
    0x080043e0   0x080043e0   0x00000044   Code   RO          488    i.MX_CAN2_Init      can.o
    0x08004424   0x08004424   0x0000007c   Code   RO          534    i.MX_DMA_Init       dma.o
    0x080044a0   0x080044a0   0x000000fc   Code   RO          313    i.MX_FREERTOS_Init  freertos.o
    0x0800459c   0x0800459c   0x00000130   Code   RO          288    i.MX_GPIO_Init      gpio.o
    0x080046cc   0x080046cc   0x00000080   Code   RO          560    i.MX_RTC_Init       rtc.o
    0x0800474c   0x0800474c   0x0000004c   Code   RO          602    i.MX_SPI2_Init      spi.o
    0x08004798   0x08004798   0x000000b8   Code   RO          645    i.MX_TIM5_Init      tim.o
    0x08004850   0x08004850   0x00000048   Code   RO          646    i.MX_TIM6_Init      tim.o
    0x08004898   0x08004898   0x00000038   Code   RO          698    i.MX_USART1_UART_Init  usart.o
    0x080048d0   0x080048d0   0x00000040   Code   RO          699    i.MX_USART3_UART_Init  usart.o
    0x08004910   0x08004910   0x00000038   Code   RO          700    i.MX_USART6_UART_Init  usart.o
    0x08004948   0x08004948   0x00000002   Code   RO          763    i.MemManage_Handler  stm32f4xx_it.o
    0x0800494a   0x0800494a   0x00000002   PAD
    0x0800494c   0x0800494c   0x00000014   Code   RO         2099    i.N100_Init         n100.o
    0x08004960   0x08004960   0x00000120   Code   RO         2100    i.N100_Read         n100.o
    0x08004a80   0x08004a80   0x00000002   Code   RO          764    i.NMI_Handler       stm32f4xx_it.o
    0x08004a82   0x08004a82   0x00000002   PAD
    0x08004a84   0x08004a84   0x00000030   Code   RO         3110    i.Off_Line_Check    task_offlinecheck.o
    0x08004ab4   0x08004ab4   0x00000030   Code   RO         1040    i.One_Kalman_Create  kalman_filter.o
    0x08004ae4   0x08004ae4   0x0000005a   Code   RO         1041    i.One_Kalman_Filter  kalman_filter.o
    0x08004b3e   0x08004b3e   0x00000002   PAD
    0x08004b40   0x08004b40   0x000000d4   Code   RO         1097    i.PID_Advanced_Angle_Calc_Positional  pid.o
    0x08004c14   0x08004c14   0x000000d2   Code   RO         1098    i.PID_Advanced_Calc  pid.o
    0x08004ce6   0x08004ce6   0x00000002   PAD
    0x08004ce8   0x08004ce8   0x00000040   Code   RO         1099    i.PID_Advanced_Clear  pid.o
    0x08004d28   0x08004d28   0x0000001c   Code   RO         1100    i.PID_Advanced_Init  pid.o
    0x08004d44   0x08004d44   0x00000028   Code   RO         2669    i.PID_Clear_Yaw     cloud_control.o
    0x08004d6c   0x08004d6c   0x000000b2   Code   RO         1101    i.Position_PID      pid.o
    0x08004e1e   0x08004e1e   0x00000002   PAD
    0x08004e20   0x08004e20   0x00000050   Code   RO         1102    i.Position_PIDInit  pid.o
    0x08004e70   0x08004e70   0x00000044   Code   RO         2764    i.PowerControl_MsgRec  powercontrol.o
    0x08004eb4   0x08004eb4   0x0000004c   Code   RO         2765    i.PowerControl_MsgSend  powercontrol.o
    0x08004f00   0x08004f00   0x00000016   Code   RO         5670    i.RTC_ByteToBcd2    stm32f4xx_hal_rtc.o
    0x08004f16   0x08004f16   0x00000046   Code   RO         5671    i.RTC_EnterInitMode  stm32f4xx_hal_rtc.o
    0x08004f5c   0x08004f5c   0x0000002a   Code   RO         5672    i.RTC_ExitInitMode  stm32f4xx_hal_rtc.o
    0x08004f86   0x08004f86   0x0000007c   Code   RO         1539    i.Rectangle_Draw    ui.o
    0x08005002   0x08005002   0x00000002   PAD
    0x08005004   0x08005004   0x00000038   Code   RO         2984    i.Robot_Control     task_robotcontrol.o
    0x0800503c   0x0800503c   0x000000b8   Code   RO         3043    i.Robot_UI          task_robotui.o
    0x080050f4   0x080050f4   0x00000016   Code   RO         3136    i.SPI2Receives      task_spi2receive.o
    0x0800510a   0x0800510a   0x00000002   PAD
    0x0800510c   0x0800510c   0x0000007c   Code   RO         6098    i.SPI_EndRxTxTransaction  stm32f4xx_hal_spi.o
    0x08005188   0x08005188   0x000000bc   Code   RO         6103    i.SPI_WaitFlagStateUntilTimeout  stm32f4xx_hal_spi.o
    0x08005244   0x08005244   0x0000002c   Code   RO         8143    i.SysTick_Handler   port.o
    0x08005270   0x08005270   0x0000009c   Code   RO           15    i.SystemClock_Config  main.o
    0x0800530c   0x0800530c   0x00000010   Code   RO         3197    i.SystemInit        system_stm32f4xx.o
    0x0800531c   0x0800531c   0x0000000c   Code   RO          765    i.TIM1_UP_TIM10_IRQHandler  stm32f4xx_it.o
    0x08005328   0x08005328   0x000000dc   Code   RO         3329    i.TIM_Base_SetConfig  stm32f4xx_hal_tim.o
    0x08005404   0x08005404   0x0000001a   Code   RO         3330    i.TIM_CCxChannelCmd  stm32f4xx_hal_tim.o
    0x0800541e   0x0800541e   0x00000014   Code   RO         3340    i.TIM_ETR_SetConfig  stm32f4xx_hal_tim.o
    0x08005432   0x08005432   0x00000010   Code   RO         3341    i.TIM_ITRx_SetConfig  stm32f4xx_hal_tim.o
    0x08005442   0x08005442   0x00000002   PAD
    0x08005444   0x08005444   0x00000068   Code   RO         3342    i.TIM_OC1_SetConfig  stm32f4xx_hal_tim.o
    0x080054ac   0x080054ac   0x00000074   Code   RO         3343    i.TIM_OC2_SetConfig  stm32f4xx_hal_tim.o
    0x08005520   0x08005520   0x00000070   Code   RO         3344    i.TIM_OC3_SetConfig  stm32f4xx_hal_tim.o
    0x08005590   0x08005590   0x00000054   Code   RO         3345    i.TIM_OC4_SetConfig  stm32f4xx_hal_tim.o
    0x080055e4   0x080055e4   0x00000022   Code   RO         3347    i.TIM_TI1_ConfigInputStage  stm32f4xx_hal_tim.o
    0x08005606   0x08005606   0x00000024   Code   RO         3349    i.TIM_TI2_ConfigInputStage  stm32f4xx_hal_tim.o
    0x0800562a   0x0800562a   0x00000010   Code   RO         6414    i.UART_DMAAbortOnError  stm32f4xx_hal_uart.o
    0x0800563a   0x0800563a   0x0000004a   Code   RO         6415    i.UART_DMAError     stm32f4xx_hal_uart.o
    0x08005684   0x08005684   0x00000086   Code   RO         6416    i.UART_DMAReceiveCplt  stm32f4xx_hal_uart.o
    0x0800570a   0x0800570a   0x0000001e   Code   RO         6418    i.UART_DMARxHalfCplt  stm32f4xx_hal_uart.o
    0x08005728   0x08005728   0x00000042   Code   RO         6420    i.UART_DMATransmitCplt  stm32f4xx_hal_uart.o
    0x0800576a   0x0800576a   0x0000000a   Code   RO         6422    i.UART_DMATxHalfCplt  stm32f4xx_hal_uart.o
    0x08005774   0x08005774   0x0000004e   Code   RO         6424    i.UART_EndRxTransfer  stm32f4xx_hal_uart.o
    0x080057c2   0x080057c2   0x0000001a   Code   RO         6425    i.UART_EndTransmit_IT  stm32f4xx_hal_uart.o
    0x080057dc   0x080057dc   0x0000001c   Code   RO         6426    i.UART_EndTxTransfer  stm32f4xx_hal_uart.o
    0x080057f8   0x080057f8   0x000000c8   Code   RO         6427    i.UART_Receive_IT   stm32f4xx_hal_uart.o
    0x080058c0   0x080058c0   0x00000114   Code   RO         6428    i.UART_SetConfig    stm32f4xx_hal_uart.o
    0x080059d4   0x080059d4   0x00000094   Code   RO         6429    i.UART_Start_Receive_DMA  stm32f4xx_hal_uart.o
    0x08005a68   0x08005a68   0x0000005e   Code   RO         6431    i.UART_Transmit_IT  stm32f4xx_hal_uart.o
    0x08005ac6   0x08005ac6   0x00000002   PAD
    0x08005ac8   0x08005ac8   0x00000304   Code   RO         3044    i.UI_Draw_Dynamic_1  task_robotui.o
    0x08005dcc   0x08005dcc   0x00000094   Code   RO         3045    i.UI_Draw_Dynamic_2  task_robotui.o
    0x08005e60   0x08005e60   0x000001dc   Code   RO         3046    i.UI_Draw_Dynamic_Init_1  task_robotui.o
    0x0800603c   0x0800603c   0x000000f0   Code   RO         3047    i.UI_Draw_Static_1  task_robotui.o
    0x0800612c   0x0800612c   0x000000f0   Code   RO         3048    i.UI_Draw_Static_2  task_robotui.o
    0x0800621c   0x0800621c   0x00000044   Code   RO         3049    i.UI_Draw_Static_3  task_robotui.o
    0x08006260   0x08006260   0x00000064   Code   RO         1540    i.UI_PushUp_Delete  ui.o
    0x080062c4   0x080062c4   0x00000118   Code   RO         1541    i.UI_PushUp_Graphs  ui.o
    0x080063dc   0x080063dc   0x00000064   Code   RO         1542    i.UI_PushUp_String  ui.o
    0x08006440   0x08006440   0x0000005c   Code   RO         1543    i.UI_init           ui.o
    0x0800649c   0x0800649c   0x0000000c   Code   RO          766    i.USART1_IRQHandler  stm32f4xx_it.o
    0x080064a8   0x080064a8   0x0000000c   Code   RO          767    i.USART6_IRQHandler  stm32f4xx_it.o
    0x080064b4   0x080064b4   0x00000002   Code   RO          768    i.UsageFault_Handler  stm32f4xx_it.o
    0x080064b6   0x080064b6   0x00000002   PAD
    0x080064b8   0x080064b8   0x00000040   Code   RO         1452    i.Verify_CRC16_Check_Sum  protocol_judgement.o
    0x080064f8   0x080064f8   0x00000034   Code   RO         1453    i.Verify_CRC8_Check_Sum  protocol_judgement.o
    0x0800652c   0x0800652c   0x00000030   Code   RO         8635    i.__ARM_fpclassify  m_wm.l(fpclassify.o)
    0x0800655c   0x0800655c   0x00000020   Code   RO         5257    i.__NVIC_SetPriority  stm32f4xx_hal_cortex.o
    0x0800657c   0x0800657c   0x00000004   PAD
    0x08006580   0x08006580   0x000000c8   Code   RO         8523    i.__hardfp_cos      m_wm.l(cos.o)
    0x08006648   0x08006648   0x00000014   Code   RO         8535    i.__hardfp_fabs     m_wm.l(fabs.o)
    0x0800665c   0x0800665c   0x00000004   PAD
    0x08006660   0x08006660   0x00000c50   Code   RO         8541    i.__hardfp_pow      m_wm.l(pow.o)
    0x080072b0   0x080072b0   0x000000c8   Code   RO         8555    i.__hardfp_sin      m_wm.l(sin.o)
    0x08007378   0x08007378   0x00000438   Code   RO         8640    i.__ieee754_rem_pio2  m_wm.l(rred.o)
    0x080077b0   0x080077b0   0x00000170   Code   RO         8618    i.__kernel_cos      m_wm.l(cos_i.o)
    0x08007920   0x08007920   0x000000f8   Code   RO         8637    i.__kernel_poly     m_wm.l(poly.o)
    0x08007a18   0x08007a18   0x00000130   Code   RO         8645    i.__kernel_sin      m_wm.l(sin_i.o)
    0x08007b48   0x08007b48   0x00000030   Code   RO         8621    i.__mathlib_dbl_divzero  m_wm.l(dunder.o)
    0x08007b78   0x08007b78   0x00000014   Code   RO         8622    i.__mathlib_dbl_infnan  m_wm.l(dunder.o)
    0x08007b8c   0x08007b8c   0x00000014   Code   RO         8623    i.__mathlib_dbl_infnan2  m_wm.l(dunder.o)
    0x08007ba0   0x08007ba0   0x00000020   Code   RO         8624    i.__mathlib_dbl_invalid  m_wm.l(dunder.o)
    0x08007bc0   0x08007bc0   0x00000020   Code   RO         8625    i.__mathlib_dbl_overflow  m_wm.l(dunder.o)
    0x08007be0   0x08007be0   0x00000020   Code   RO         8627    i.__mathlib_dbl_underflow  m_wm.l(dunder.o)
    0x08007c00   0x08007c00   0x0000003c   Code   RO         1805    i.aRGB_led_show     bsp_led.o
    0x08007c3c   0x08007c3c   0x0000002a   Code   RO         1104    i.abs_limit         pid.o
    0x08007c66   0x08007c66   0x0000005e   Code   RO         1105    i.angle_wrap        pid.o
    0x08007cc4   0x08007cc4   0x00000070   Code   RO         2807    i.chassis_follow_mode  steer_chassis.o
    0x08007d34   0x08007d34   0x0000016c   Code   RO         2808    i.chassis_init      steer_chassis.o
    0x08007ea0   0x08007ea0   0x00000044   Code   RO         2809    i.chassis_target_calc  steer_chassis.o
    0x08007ee4   0x08007ee4   0x00000028   Code   RO         1701    i.delay_init        bsp_delay.o
    0x08007f0c   0x08007f0c   0x00000018   Code   RO         8537    i.fabs              m_wm.l(fabs.o)
    0x08007f24   0x08007f24   0x00000110   Code   RO         2946    i.led_RGB_flow_task  task_led.o
    0x08008034   0x08008034   0x0000004a   Code   RO           16    i.main              main.o
    0x0800807e   0x0800807e   0x0000000c   Code   RO         7720    i.makeFreeRtosPriority  cmsis_os.o
    0x0800808a   0x0800808a   0x00000002   PAD
    0x0800808c   0x0800808c   0x000004c8   Code   RO         2423    i.motor_velocity_change  m3508_motor.o
    0x08008554   0x08008554   0x00000080   Code   RO         2811    i.move_motor_speed_set  steer_chassis.o
    0x080085d4   0x080085d4   0x00000010   Code   RO         7722    i.osDelay           cmsis_os.o
    0x080085e4   0x080085e4   0x0000000a   Code   RO         7725    i.osKernelStart     cmsis_os.o
    0x080085ee   0x080085ee   0x00000058   Code   RO         7759    i.osThreadCreate    cmsis_os.o
    0x08008646   0x08008646   0x00000002   PAD
    0x08008648   0x08008648   0x00000070   Code   RO         7222    i.prvAddCurrentTaskToDelayedList  tasks.o
    0x080086b8   0x080086b8   0x00000088   Code   RO         7223    i.prvAddNewTaskToReadyList  tasks.o
    0x08008740   0x08008740   0x00000058   Code   RO         7564    i.prvCheckForValidListAndQueue  timers.o
    0x08008798   0x08008798   0x0000003c   Code   RO         7224    i.prvCheckTasksWaitingTermination  tasks.o
    0x080087d4   0x080087d4   0x00000028   Code   RO         6885    i.prvCopyDataFromQueue  queue.o
    0x080087fc   0x080087fc   0x0000006e   Code   RO         6886    i.prvCopyDataToQueue  queue.o
    0x0800886a   0x0800886a   0x00000040   Code   RO         7225    i.prvDeleteTCB      tasks.o
    0x080088aa   0x080088aa   0x00000002   PAD
    0x080088ac   0x080088ac   0x00000024   Code   RO         7565    i.prvGetNextExpireTime  timers.o
    0x080088d0   0x080088d0   0x0000004c   Code   RO         8087    i.prvHeapInit       heap_4.o
    0x0800891c   0x0800891c   0x00000028   Code   RO         7226    i.prvIdleTask       tasks.o
    0x08008944   0x08008944   0x00000018   Code   RO         6889    i.prvInitialiseNewQueue  queue.o
    0x0800895c   0x0800895c   0x00000094   Code   RO         7227    i.prvInitialiseNewTask  tasks.o
    0x080089f0   0x080089f0   0x00000058   Code   RO         7228    i.prvInitialiseTaskLists  tasks.o
    0x08008a48   0x08008a48   0x00000054   Code   RO         8088    i.prvInsertBlockIntoFreeList  heap_4.o
    0x08008a9c   0x08008a9c   0x00000040   Code   RO         7567    i.prvInsertTimerInActiveList  timers.o
    0x08008adc   0x08008adc   0x0000001a   Code   RO         6890    i.prvIsQueueEmpty   queue.o
    0x08008af6   0x08008af6   0x0000001e   Code   RO         6891    i.prvIsQueueFull    queue.o
    0x08008b14   0x08008b14   0x00000068   Code   RO         7568    i.prvProcessExpiredTimer  timers.o
    0x08008b7c   0x08008b7c   0x000000f0   Code   RO         7569    i.prvProcessReceivedCommands  timers.o
    0x08008c6c   0x08008c6c   0x0000006c   Code   RO         7570    i.prvProcessTimerOrBlockTask  timers.o
    0x08008cd8   0x08008cd8   0x00000024   Code   RO         7229    i.prvResetNextTaskUnblockTime  tasks.o
    0x08008cfc   0x08008cfc   0x0000002c   Code   RO         7571    i.prvSampleTimeNow  timers.o
    0x08008d28   0x08008d28   0x00000070   Code   RO         7572    i.prvSwitchTimerLists  timers.o
    0x08008d98   0x08008d98   0x0000002c   Code   RO         8144    i.prvTaskExitError  port.o
    0x08008dc4   0x08008dc4   0x00000014   Code   RO         7573    i.prvTimerTask      timers.o
    0x08008dd8   0x08008dd8   0x0000006a   Code   RO         6892    i.prvUnlockQueue    queue.o
    0x08008e42   0x08008e42   0x00000002   PAD
    0x08008e44   0x08008e44   0x000000dc   Code   RO         8089    i.pvPortMalloc      heap_4.o
    0x08008f20   0x08008f20   0x00000024   Code   RO         8145    i.pxPortInitialiseStack  port.o
    0x08008f44   0x08008f44   0x0000006e   Code   RO         8653    i.sqrt              m_wm.l(sqrt.o)
    0x08008fb2   0x08008fb2   0x00000002   PAD
    0x08008fb4   0x08008fb4   0x00000094   Code   RO         2812    i.steer_chassis_out  steer_chassis.o
    0x08009048   0x08009048   0x0000000c   Code   RO         2813    i.steer_getangle    steer_chassis.o
    0x08009054   0x08009054   0x00000026   Code   RO         6845    i.uxListRemove      list.o
    0x0800907a   0x0800907a   0x00000002   PAD
    0x0800907c   0x0800907c   0x00000014   Code   RO          314    i.vApplicationGetIdleTaskMemory  freertos.o
    0x08009090   0x08009090   0x00000018   Code   RO          315    i.vApplicationGetTimerTaskMemory  freertos.o
    0x080090a8   0x080090a8   0x00000016   Code   RO         6846    i.vListInitialise   list.o
    0x080090be   0x080090be   0x00000006   Code   RO         6847    i.vListInitialiseItem  list.o
    0x080090c4   0x080090c4   0x00000030   Code   RO         6848    i.vListInsert       list.o
    0x080090f4   0x080090f4   0x00000018   Code   RO         6849    i.vListInsertEnd    list.o
    0x0800910c   0x0800910c   0x00000040   Code   RO         8147    i.vPortEnterCritical  port.o
    0x0800914c   0x0800914c   0x0000002c   Code   RO         8148    i.vPortExitCritical  port.o
    0x08009178   0x08009178   0x00000064   Code   RO         8090    i.vPortFree         heap_4.o
    0x080091dc   0x080091dc   0x00000024   Code   RO         8149    i.vPortSetupTimerInterrupt  port.o
    0x08009200   0x08009200   0x00000054   Code   RO         8150    i.vPortValidateInterruptPriority  port.o
    0x08009254   0x08009254   0x00000024   Code   RO         6896    i.vQueueAddToRegistry  queue.o
    0x08009278   0x08009278   0x00000046   Code   RO         6899    i.vQueueWaitForMessageRestricted  queue.o
    0x080092be   0x080092be   0x00000002   PAD
    0x080092c0   0x080092c0   0x00000050   Code   RO         7239    i.vTaskDelay        tasks.o
    0x08009310   0x08009310   0x00000098   Code   RO         7240    i.vTaskDelayUntil   tasks.o
    0x080093a8   0x080093a8   0x000000ac   Code   RO         7241    i.vTaskDelete       tasks.o
    0x08009454   0x08009454   0x00000010   Code   RO         7243    i.vTaskInternalSetTimeOutState  tasks.o
    0x08009464   0x08009464   0x0000000c   Code   RO         7244    i.vTaskMissedYield  tasks.o
    0x08009470   0x08009470   0x00000034   Code   RO         7246    i.vTaskPlaceOnEventList  tasks.o
    0x080094a4   0x080094a4   0x0000003c   Code   RO         7247    i.vTaskPlaceOnEventListRestricted  tasks.o
    0x080094e0   0x080094e0   0x00000090   Code   RO         7254    i.vTaskStartScheduler  tasks.o
    0x08009570   0x08009570   0x00000010   Code   RO         7256    i.vTaskSuspendAll   tasks.o
    0x08009580   0x08009580   0x00000060   Code   RO         7257    i.vTaskSwitchContext  tasks.o
    0x080095e0   0x080095e0   0x000000f0   Code   RO         2814    i.v_cloud_convertto_chassis  steer_chassis.o
    0x080096d0   0x080096d0   0x000000f4   Code   RO         8151    i.xPortStartScheduler  port.o
    0x080097c4   0x080097c4   0x00000044   Code   RO         6902    i.xQueueGenericCreate  queue.o
    0x08009808   0x08009808   0x0000006c   Code   RO         6903    i.xQueueGenericCreateStatic  queue.o
    0x08009874   0x08009874   0x0000008c   Code   RO         6904    i.xQueueGenericReset  queue.o
    0x08009900   0x08009900   0x00000164   Code   RO         6905    i.xQueueGenericSend  queue.o
    0x08009a64   0x08009a64   0x000000c0   Code   RO         6906    i.xQueueGenericSendFromISR  queue.o
    0x08009b24   0x08009b24   0x0000013c   Code   RO         6912    i.xQueueReceive     queue.o
    0x08009c60   0x08009c60   0x0000007c   Code   RO         7259    i.xTaskCheckForTimeOut  tasks.o
    0x08009cdc   0x08009cdc   0x00000064   Code   RO         7260    i.xTaskCreate       tasks.o
    0x08009d40   0x08009d40   0x0000005c   Code   RO         7261    i.xTaskCreateStatic  tasks.o
    0x08009d9c   0x08009d9c   0x0000001c   Code   RO         7266    i.xTaskGetSchedulerState  tasks.o
    0x08009db8   0x08009db8   0x0000000c   Code   RO         7267    i.xTaskGetTickCount  tasks.o
    0x08009dc4   0x08009dc4   0x000000d0   Code   RO         7269    i.xTaskIncrementTick  tasks.o
    0x08009e94   0x08009e94   0x00000098   Code   RO         7272    i.xTaskPriorityDisinherit  tasks.o
    0x08009f2c   0x08009f2c   0x0000007c   Code   RO         7274    i.xTaskRemoveFromEventList  tasks.o
    0x08009fa8   0x08009fa8   0x000000cc   Code   RO         7275    i.xTaskResumeAll    tasks.o
    0x0800a074   0x0800a074   0x00000068   Code   RO         7580    i.xTimerCreateTimerTask  timers.o
    0x0800a0dc   0x0800a0dc   0x00000068   Code   RO         7581    i.xTimerGenericCommand  timers.o
    0x0800a144   0x0800a144   0x00000018   Code   RO         8463    x$fpl$basic         fz_wm.l(basic.o)
    0x0800a15c   0x0800a15c   0x00000062   Code   RO         8465    x$fpl$d2f           fz_wm.l(d2f.o)
    0x0800a1be   0x0800a1be   0x00000002   PAD
    0x0800a1c0   0x0800a1c0   0x00000150   Code   RO         8467    x$fpl$dadd          fz_wm.l(daddsub_clz.o)
    0x0800a310   0x0800a310   0x00000010   Code   RO         8724    x$fpl$dcheck1       fz_wm.l(dcheck1.o)
    0x0800a320   0x0800a320   0x00000018   Code   RO         8583    x$fpl$dcmpinf       fz_wm.l(dcmpi.o)
    0x0800a338   0x0800a338   0x000002b0   Code   RO         8474    x$fpl$ddiv          fz_wm.l(ddiv.o)
    0x0800a5e8   0x0800a5e8   0x0000005e   Code   RO         8726    x$fpl$dfix          fz_wm.l(dfix.o)
    0x0800a646   0x0800a646   0x00000002   PAD
    0x0800a648   0x0800a648   0x0000005a   Code   RO         8477    x$fpl$dfixu         fz_wm.l(dfixu.o)
    0x0800a6a2   0x0800a6a2   0x0000002e   Code   RO         8482    x$fpl$dflt          fz_wm.l(dflt_clz.o)
    0x0800a6d0   0x0800a6d0   0x00000026   Code   RO         8481    x$fpl$dfltu         fz_wm.l(dflt_clz.o)
    0x0800a6f6   0x0800a6f6   0x00000002   PAD
    0x0800a6f8   0x0800a6f8   0x00000078   Code   RO         8487    x$fpl$dleqf         fz_wm.l(dleqf.o)
    0x0800a770   0x0800a770   0x00000154   Code   RO         8489    x$fpl$dmul          fz_wm.l(dmul.o)
    0x0800a8c4   0x0800a8c4   0x0000009c   Code   RO         8587    x$fpl$dnaninf       fz_wm.l(dnaninf.o)
    0x0800a960   0x0800a960   0x0000000c   Code   RO         8589    x$fpl$dretinf       fz_wm.l(dretinf.o)
    0x0800a96c   0x0800a96c   0x0000006c   Code   RO         8491    x$fpl$drleqf        fz_wm.l(drleqf.o)
    0x0800a9d8   0x0800a9d8   0x00000016   Code   RO         8468    x$fpl$drsb          fz_wm.l(daddsub_clz.o)
    0x0800a9ee   0x0800a9ee   0x00000002   PAD
    0x0800a9f0   0x0800a9f0   0x00000198   Code   RO         8730    x$fpl$dsqrt         fz_wm.l(dsqrt_umaal.o)
    0x0800ab88   0x0800ab88   0x000001d4   Code   RO         8469    x$fpl$dsub          fz_wm.l(daddsub_clz.o)
    0x0800ad5c   0x0800ad5c   0x00000056   Code   RO         8493    x$fpl$f2d           fz_wm.l(f2d.o)
    0x0800adb2   0x0800adb2   0x0000008c   Code   RO         8597    x$fpl$fnaninf       fz_wm.l(fnaninf.o)
    0x0800ae3e   0x0800ae3e   0x0000000a   Code   RO         8812    x$fpl$fpinit        fz_wm.l(fpinit.o)
    0x0800ae48   0x0800ae48   0x0000000a   Code   RO         8599    x$fpl$fretinf       fz_wm.l(fretinf.o)
    0x0800ae52   0x0800ae52   0x00000064   Code   RO         8800    x$fpl$retnan        fz_wm.l(retnan.o)
    0x0800aeb6   0x0800aeb6   0x0000005c   Code   RO         8601    x$fpl$scalbn        fz_wm.l(scalbn.o)
    0x0800af12   0x0800af12   0x00000030   Code   RO         8814    x$fpl$trapveneer    fz_wm.l(trapv.o)
    0x0800af42   0x0800af42   0x00000000   Code   RO         8603    x$fpl$usenofp       fz_wm.l(usenofp.o)
    0x0800af42   0x0800af42   0x00000002   PAD
    0x0800af44   0x0800af44   0x000000fc   Data   RO          317    .constdata          freertos.o
    0x0800b040   0x0800b040   0x00000300   Data   RO         1548    .constdata          ui.o
    0x0800b340   0x0800b340   0x00000010   Data   RO         3198    .constdata          system_stm32f4xx.o
    0x0800b350   0x0800b350   0x00000008   Data   RO         3199    .constdata          system_stm32f4xx.o
    0x0800b358   0x0800b358   0x00000008   Data   RO         4971    .constdata          stm32f4xx_hal_dma.o
    0x0800b360   0x0800b360   0x00000088   Data   RO         8544    .constdata          m_wm.l(pow.o)
    0x0800b3e8   0x0800b3e8   0x00000030   Data   RO         8619    .constdata          m_wm.l(cos_i.o)
    0x0800b418   0x0800b418   0x00000008   Data   RO         8639    .constdata          m_wm.l(qnan.o)
    0x0800b420   0x0800b420   0x000000c8   Data   RO         8642    .constdata          m_wm.l(rred.o)
    0x0800b4e8   0x0800b4e8   0x00000028   Data   RO         8646    .constdata          m_wm.l(sin_i.o)
    0x0800b510   0x0800b510   0x0000009a   Data   RO          318    .conststring        freertos.o
    0x0800b5aa   0x0800b5aa   0x00000002   PAD
    0x0800b5ac   0x0800b5ac   0x00000020   Data   RO         8885    Region$$Table       anon$$obj.o


    Execution Region RW_IRAM1 (Exec base: 0x20000000, Load base: 0x0800b5cc, Size: 0x0000a0a8, Max: 0x0001c000, ABSOLUTE, COMPRESSED[0x000003b4])

    Exec Addr    Load Addr    Size         Type   Attr      Idx    E Section Name        Object

    0x20000000   COMPRESSED   0x00000030   Data   RW          319    .data               freertos.o
    0x20000030   COMPRESSED   0x00000004   Data   RW          490    .data               can.o
    0x20000034   COMPRESSED   0x0000000c   Data   RW         1404    .data               bsp_boardcommunication.o
    0x20000040   COMPRESSED   0x00000004   Data   RW         1405    .data               bsp_boardcommunication.o
    0x20000044   COMPRESSED   0x00000304   Data   RW         1455    .data               protocol_judgement.o
    0x20000348   COMPRESSED   0x00000034   Data   RW         1549    .data               ui.o
    0x2000037c   COMPRESSED   0x00000006   Data   RW         1551    .data               ui.o
    0x20000382   COMPRESSED   0x00000002   PAD
    0x20000384   COMPRESSED   0x00000008   Data   RW         1648    .data               bsp_can.o
    0x2000038c   COMPRESSED   0x00000008   Data   RW         1649    .data               bsp_can.o
    0x20000394   COMPRESSED   0x00000008   Data   RW         1650    .data               bsp_can.o
    0x2000039c   COMPRESSED   0x00000008   Data   RW         1651    .data               bsp_can.o
    0x200003a4   COMPRESSED   0x00000008   Data   RW         1652    .data               bsp_can.o
    0x200003ac   COMPRESSED   0x00000008   Data   RW         1653    .data               bsp_can.o
    0x200003b4   COMPRESSED   0x00000008   Data   RW         1654    .data               bsp_can.o
    0x200003bc   COMPRESSED   0x00000001   Data   RW         1655    .data               bsp_can.o
    0x200003bd   COMPRESSED   0x00000003   PAD
    0x200003c0   COMPRESSED   0x00000008   Data   RW         1704    .data               bsp_delay.o
    0x200003c8   COMPRESSED   0x00000008   Data   RW         1806    .data               bsp_led.o
    0x200003d0   COMPRESSED   0x00000008   Data   RW         2426    .data               m3508_motor.o
    0x200003d8   COMPRESSED   0x00000004   Data   RW         2490    .data               m6020_motor.o
    0x200003dc   COMPRESSED   0x00000010   Data   RW         2491    .data               m6020_motor.o
    0x200003ec   COMPRESSED   0x00000018   Data   RW         2672    .data               cloud_control.o
    0x20000404   COMPRESSED   0x00000008   Data   RW         2767    .data               powercontrol.o
    0x2000040c   COMPRESSED   0x00000008   Data   RW         2768    .data               powercontrol.o
    0x20000414   COMPRESSED   0x00000005   Data   RW         2816    .data               steer_chassis.o
    0x20000419   COMPRESSED   0x00000003   PAD
    0x2000041c   COMPRESSED   0x0000001c   Data   RW         2947    .data               task_led.o
    0x20000438   COMPRESSED   0x00000010   Data   RW         3050    .data               task_robotui.o
    0x20000448   COMPRESSED   0x00000002   Data   RW         3111    .data               task_offlinecheck.o
    0x2000044a   COMPRESSED   0x00000002   PAD
    0x2000044c   COMPRESSED   0x00000004   Data   RW         3200    .data               system_stm32f4xx.o
    0x20000450   COMPRESSED   0x0000000c   Data   RW         5416    .data               stm32f4xx_hal.o
    0x2000045c   COMPRESSED   0x0000003c   Data   RW         7278    .data               tasks.o
    0x20000498   COMPRESSED   0x00000014   Data   RW         7587    .data               timers.o
    0x200004ac   COMPRESSED   0x00000020   Data   RW         8096    .data               heap_4.o
    0x200004cc   COMPRESSED   0x0000000c   Data   RW         8152    .data               port.o
    0x200004d8        -       0x000006a8   Zero   RW          316    .bss                freertos.o
    0x20000b80        -       0x00000050   Zero   RW          489    .bss                can.o
    0x20000bd0        -       0x00000020   Zero   RW          561    .bss                rtc.o
    0x20000bf0        -       0x00000058   Zero   RW          603    .bss                spi.o
    0x20000c48        -       0x00000090   Zero   RW          647    .bss                tim.o
    0x20000cd8        -       0x000002b8   Zero   RW          701    .bss                usart.o
    0x20000f90        -       0x00000048   Zero   RW          913    .bss                stm32f4xx_hal_timebase_tim.o
    0x20000fd8        -       0x00000030   Zero   RW         1106    .bss                pid.o
    0x20001008        -       0x00000020   Zero   RW         1403    .bss                bsp_boardcommunication.o
    0x20001028        -       0x00000224   Zero   RW         1454    .bss                protocol_judgement.o
    0x2000124c        -       0x000001e2   Zero   RW         1544    .bss                ui.o
    0x2000142e   COMPRESSED   0x00000002   PAD
    0x20001430        -       0x000000e0   Zero   RW         1647    .bss                bsp_can.o
    0x20001510        -       0x000000fc   Zero   RW         2054    .bss                saber_c3.o
    0x2000160c        -       0x00000064   Zero   RW         2102    .bss                n100.o
    0x20001670        -       0x00000028   Zero   RW         2148    .bss                dt7.o
    0x20001698        -       0x000000a0   Zero   RW         2187    .bss                ma600_use.o
    0x20001738        -       0x00000640   Zero   RW         2425    .bss                m3508_motor.o
    0x20001d78        -       0x00000024   Zero   RW         2489    .bss                m6020_motor.o
    0x20001d9c        -       0x00000020   Zero   RW         2539    .bss                m2006_motor.o
    0x20001dbc        -       0x000001d8   Zero   RW         2670    .bss                cloud_control.o
    0x20001f94        -       0x0000000c   Zero   RW         2766    .bss                powercontrol.o
    0x20001fa0        -       0x00000090   Zero   RW         2815    .bss                steer_chassis.o
    0x20002030        -       0x00000040   Zero   RW         6915    .bss                queue.o
    0x20002070        -       0x000000f0   Zero   RW         7277    .bss                tasks.o
    0x20002160        -       0x000000e8   Zero   RW         7586    .bss                timers.o
    0x20002248        -       0x00007800   Zero   RW         8095    .bss                heap_4.o
    0x20009a48        -       0x00000060   Zero   RW         8737    .bss                c_w.l(libspace.o)
    0x20009aa8        -       0x00000200   Zero   RW            2    HEAP                startup_stm32f407xx.o
    0x20009ca8        -       0x00000400   Zero   RW            1    STACK               startup_stm32f407xx.o


    Execution Region RW_IRAM2 (Exec base: 0x2001c000, Load base: 0x0800b980, Size: 0x00000000, Max: 0x00004000, ABSOLUTE)

    **** No section assigned to this execution region ****


==============================================================================

Image component sizes


      Code (inc. data)   RO Data    RW Data    ZI Data      Debug   Object Name

       488         72          0         16         32       4100   bsp_boardcommunication.o
       348         30          0         57        224       9518   bsp_can.o
        40         14          0          8          0        737   bsp_delay.o
        60          8          0          8          0        652   bsp_led.o
       144         36          0          0          0       1979   bsp_usart.o
       424         42          0          4         80       2734   can.o
       716        108          0         24        472       6894   cloud_control.o
       126          0          0          0          0      23423   cmsis_os.o
       124          4          0          0          0        922   dma.o
        20         10          0          0         40       2395   dt7.o
         0          0          0          0          0      20204   event_groups.o
         0          0          0          0          0       2004   feedforward.o
       596         92        406         48       1704      16550   freertos.o
       304         22          0          0          0       1235   gpio.o
       480         26          0         32      30720       5267   heap_4.o
       138          6          0          0          0       1748   kalman_filter.o
       138          0          0          0          0       3830   list.o
         0          0          0          0         32       1973   m2006_motor.o
      1428         66          0          8       1600       6291   m3508_motor.o
       244         10          0         20         36       4755   m6020_motor.o
        76          0          0          0          0       5277   ma600_base.o
       232         28          0          0        160       1839   ma600_use.o
       254         16          0          0          0     765208   main.o
       452         40          0          0        100       3488   n100.o
       908         18          0          0         48       8782   pid.o
       786         84          0         12          0      12417   port.o
       144         28          0         16         12       2460   powercontrol.o
       756         36          0        772        548      11941   protocol_judgement.o
      1622         20          0          0         64      19394   queue.o
       184         16          0          0         32       1827   rtc.o
         0          0          0          0        252       1283   saber_c3.o
       184         22          0          0         88       1865   spi.o
        64         26        392          0       1536        880   startup_stm32f407xx.o
      1072        142          0          5        144       6420   steer_chassis.o
       116         18          0         12          0       9006   stm32f4xx_hal.o
      1766          6          0          0          0      15487   stm32f4xx_hal_can.o
       158         14          0          0          0      33342   stm32f4xx_hal_cortex.o
      1170         14          8          0          0       7878   stm32f4xx_hal_dma.o
       504         50          0          0          0       3704   stm32f4xx_hal_gpio.o
        56          4          0          0          0        942   stm32f4xx_hal_msp.o
      1536         88          0          0          0       7321   stm32f4xx_hal_rcc.o
       328         22          0          0          0       1580   stm32f4xx_hal_rcc_ex.o
       694         22          0          0          0       6332   stm32f4xx_hal_rtc.o
      1008         14          0          0          0       5089   stm32f4xx_hal_spi.o
      2174        170          0          0          0      18785   stm32f4xx_hal_tim.o
       148         30          0          0          0       2721   stm32f4xx_hal_tim_ex.o
       140         20          0          0         72       1579   stm32f4xx_hal_timebase_tim.o
      2088         40          0          0          0      18048   stm32f4xx_hal_uart.o
       162         72          0          0          0       9735   stm32f4xx_it.o
        16          4         24          4          0       1247   system_stm32f4xx.o
       260         30          0          0          0       1362   task_canreceive.o
        40          4          0          0          0        641   task_cansend.o
       272          8          0         28          0       2041   task_led.o
        48          8          0          2          0       1325   task_offlinecheck.o
        56         12          0          0          0       1052   task_robotcontrol.o
      2128        282          0         16          0       5626   task_robotui.o
        22          0          0          0          0       1051   task_spi2receive.o
      2528        198          0         60        240      31374   tasks.o
       440         50          0          0        144       3297   tim.o
      1024         92          0         20        232      31771   timers.o
      1638         58        768         58        482      17521   ui.o
       792         78          0          0        696       3895   usart.o
         0          0          0          0          0       1048   user_lib.o

    ----------------------------------------------------------------------
     33948       2430       1632       1240      39792    1205092   Object Totals
         0          0         32          0          0          0   (incl. Generated)
        84          0          2         10          2          0   (incl. Padding)

    ----------------------------------------------------------------------

      Code (inc. data)   RO Data    RW Data    ZI Data      Debug   Library Member Name

        90          0          0          0          0          0   __dczerorl2.o
         8          0          0          0          0         68   __main.o
         0          0          0          0          0          0   __rtentry.o
        12          0          0          0          0          0   __rtentry2.o
         6          0          0          0          0          0   __rtentry4.o
        52          8          0          0          0          0   __scatter.o
        28          0          0          0          0          0   __scatter_zi.o
        22          0          0          0          0        100   _rserrno.o
        18          0          0          0          0         80   exit.o
         6          0          0          0          0        152   heapauxi.o
         0          0          0          0          0          0   indicate_semi.o
         2          0          0          0          0          0   libinit.o
         6          0          0          0          0          0   libinit2.o
         2          0          0          0          0          0   libshutdown.o
         2          0          0          0          0          0   libshutdown2.o
         8          4          0          0         96         68   libspace.o
       238          0          0          0          0        100   lludivv7m.o
         8          4          0          0          0         68   rt_errno_addr_intlibspace.o
        68          0          0          0          0         68   rt_memclr.o
        78          0          0          0          0         80   rt_memclr_w.o
       138          0          0          0          0         68   rt_memcpy_v6.o
       100          0          0          0          0         80   rt_memcpy_w.o
         2          0          0          0          0          0   rtexit.o
        10          0          0          0          0          0   rtexit2.o
        12          4          0          0          0         68   sys_exit.o
        74          0          0          0          0         80   sys_stackheap_outer.o
         2          0          0          0          0         68   use_no_semi.o
        24          0          0          0          0        164   basic.o
        98          4          0          0          0        140   d2f.o
       826         16          0          0          0        492   daddsub_clz.o
        16          4          0          0          0        116   dcheck1.o
        24          0          0          0          0        116   dcmpi.o
       688        140          0          0          0        256   ddiv.o
        94          4          0          0          0        140   dfix.o
        90          4          0          0          0        140   dfixu.o
        84          0          0          0          0        232   dflt_clz.o
       120          4          0          0          0        140   dleqf.o
       340         12          0          0          0        152   dmul.o
       156          4          0          0          0        140   dnaninf.o
        12          0          0          0          0        116   dretinf.o
       108          0          0          0          0        128   drleqf.o
       408         56          0          0          0        168   dsqrt_umaal.o
        86          4          0          0          0        132   f2d.o
       140          4          0          0          0        132   fnaninf.o
        10          0          0          0          0        116   fpinit.o
        10          0          0          0          0        116   fretinf.o
       100          0          0          0          0        116   retnan.o
        92          0          0          0          0        116   scalbn.o
        48          0          0          0          0        116   trapv.o
         0          0          0          0          0          0   usenofp.o
       200         20          0          0          0        164   cos.o
       368         46         48          0          0        200   cos_i.o
       184         44          0          0          0        744   dunder.o
        44          0          0          0          0        248   fabs.o
        48          0          0          0          0        124   fpclassify.o
       248          0          0          0          0        152   poly.o
      3152        296        136          0          0        352   pow.o
         0          0          8          0          0          0   qnan.o
      1080        142        200          0          0        188   rred.o
       200         20          0          0          0        164   sin.o
       304         24         40          0          0        208   sin_i.o
       110          0          0          0          0        148   sqrt.o

    ----------------------------------------------------------------------
     10528        868        432          0         96       7324   Library Totals
        24          0          0          0          0          0   (incl. Padding)

    ----------------------------------------------------------------------

      Code (inc. data)   RO Data    RW Data    ZI Data      Debug   Library Name

       992         20          0          0         96       1148   c_w.l
      3574        256          0          0          0       3484   fz_wm.l
      5938        592        432          0          0       2692   m_wm.l

    ----------------------------------------------------------------------
     10528        868        432          0         96       7324   Library Totals

    ----------------------------------------------------------------------

==============================================================================


      Code (inc. data)   RO Data    RW Data    ZI Data      Debug   

     44476       3298       2064       1240      39888    1178096   Grand Totals
     44476       3298       2064        948      39888    1178096   ELF Image Totals (compressed)
     44476       3298       2064        948          0          0   ROM Totals

==============================================================================

    Total RO  Size (Code + RO Data)                46540 (  45.45kB)
    Total RW  Size (RW Data + ZI Data)             41128 (  40.16kB)
    Total ROM Size (Code + RO Data + RW Data)      47488 (  46.38kB)

==============================================================================

